Archive member included to satisfy reference by file (symbol)

c:/program files (x86)/atmel/studio/7.0/toolchain/arm/arm-gnu-toolchain/bin/../lib/gcc/arm-none-eabi/6.3.1/thumb/v6-m\libgcc.a(_udivsi3.o)
                              src/ASF/sam0/drivers/nvm/nvm.o (__aeabi_uidiv)
c:/program files (x86)/atmel/studio/7.0/toolchain/arm/arm-gnu-toolchain/bin/../lib/gcc/arm-none-eabi/6.3.1/thumb/v6-m\libgcc.a(_dvmd_tls.o)
                              c:/program files (x86)/atmel/studio/7.0/toolchain/arm/arm-gnu-toolchain/bin/../lib/gcc/arm-none-eabi/6.3.1/thumb/v6-m\libgcc.a(_udivsi3.o) (__aeabi_idiv0)
c:/program files (x86)/atmel/studio/7.0/toolchain/arm/arm-gnu-toolchain/bin/../lib/gcc/arm-none-eabi/6.3.1/thumb/v6-m\libgcc.a(_muldi3.o)
                              src/ASF/sam0/drivers/sercom/sercom.o (__aeabi_lmul)
c:/program files (x86)/atmel/studio/7.0/toolchain/arm/arm-gnu-toolchain/bin/../lib/gcc/arm-none-eabi/6.3.1/thumb/v6-m\libgcc.a(adddf3.o)
                              src/ASF/sam0/drivers/sercom/i2c/i2c_sam0/i2c_master.o (__aeabi_dadd)
c:/program files (x86)/atmel/studio/7.0/toolchain/arm/arm-gnu-toolchain/bin/../lib/gcc/arm-none-eabi/6.3.1/thumb/v6-m\libgcc.a(divdf3.o)
                              src/ASF/sam0/drivers/sercom/i2c/i2c_sam0/i2c_master.o (__aeabi_ddiv)
c:/program files (x86)/atmel/studio/7.0/toolchain/arm/arm-gnu-toolchain/bin/../lib/gcc/arm-none-eabi/6.3.1/thumb/v6-m\libgcc.a(muldf3.o)
                              src/ASF/sam0/drivers/sercom/i2c/i2c_sam0/i2c_master.o (__aeabi_dmul)
c:/program files (x86)/atmel/studio/7.0/toolchain/arm/arm-gnu-toolchain/bin/../lib/gcc/arm-none-eabi/6.3.1/thumb/v6-m\libgcc.a(subdf3.o)
                              src/ASF/sam0/drivers/sercom/i2c/i2c_sam0/i2c_master.o (__aeabi_dsub)
c:/program files (x86)/atmel/studio/7.0/toolchain/arm/arm-gnu-toolchain/bin/../lib/gcc/arm-none-eabi/6.3.1/thumb/v6-m\libgcc.a(fixdfsi.o)
                              src/ASF/sam0/drivers/sercom/i2c/i2c_sam0/i2c_master.o (__aeabi_d2iz)
c:/program files (x86)/atmel/studio/7.0/toolchain/arm/arm-gnu-toolchain/bin/../lib/gcc/arm-none-eabi/6.3.1/thumb/v6-m\libgcc.a(floatunsidf.o)
                              src/ASF/sam0/drivers/sercom/i2c/i2c_sam0/i2c_master.o (__aeabi_ui2d)
c:/program files (x86)/atmel/studio/7.0/toolchain/arm/arm-gnu-toolchain/bin/../lib/gcc/arm-none-eabi/6.3.1/thumb/v6-m\libgcc.a(_clzsi2.o)
                              c:/program files (x86)/atmel/studio/7.0/toolchain/arm/arm-gnu-toolchain/bin/../lib/gcc/arm-none-eabi/6.3.1/thumb/v6-m\libgcc.a(adddf3.o) (__clzsi2)
c:/program files (x86)/atmel/studio/7.0/toolchain/arm/arm-gnu-toolchain/bin/../lib/gcc/arm-none-eabi/6.3.1/../../../../arm-none-eabi/lib/thumb/v6-m\libc.a(lib_a-exit.o)
                              c:/program files (x86)/atmel/studio/7.0/toolchain/arm/arm-gnu-toolchain/bin/../lib/gcc/arm-none-eabi/6.3.1/../../../../arm-none-eabi/lib/thumb/v6-m/crt0.o (exit)
c:/program files (x86)/atmel/studio/7.0/toolchain/arm/arm-gnu-toolchain/bin/../lib/gcc/arm-none-eabi/6.3.1/../../../../arm-none-eabi/lib/thumb/v6-m\libc.a(lib_a-impure.o)
                              c:/program files (x86)/atmel/studio/7.0/toolchain/arm/arm-gnu-toolchain/bin/../lib/gcc/arm-none-eabi/6.3.1/../../../../arm-none-eabi/lib/thumb/v6-m\libc.a(lib_a-exit.o) (_global_impure_ptr)
c:/program files (x86)/atmel/studio/7.0/toolchain/arm/arm-gnu-toolchain/bin/../lib/gcc/arm-none-eabi/6.3.1/../../../../arm-none-eabi/lib/thumb/v6-m\libc.a(lib_a-init.o)
                              c:/program files (x86)/atmel/studio/7.0/toolchain/arm/arm-gnu-toolchain/bin/../lib/gcc/arm-none-eabi/6.3.1/../../../../arm-none-eabi/lib/thumb/v6-m/crt0.o (__libc_init_array)
c:/program files (x86)/atmel/studio/7.0/toolchain/arm/arm-gnu-toolchain/bin/../lib/gcc/arm-none-eabi/6.3.1/../../../../arm-none-eabi/lib/thumb/v6-m\libc.a(lib_a-memcpy-stub.o)
                              src/ASF/sam0/drivers/dma/dma.o (memcpy)
c:/program files (x86)/atmel/studio/7.0/toolchain/arm/arm-gnu-toolchain/bin/../lib/gcc/arm-none-eabi/6.3.1/../../../../arm-none-eabi/lib/thumb/v6-m\libc.a(lib_a-memset.o)
                              c:/program files (x86)/atmel/studio/7.0/toolchain/arm/arm-gnu-toolchain/bin/../lib/gcc/arm-none-eabi/6.3.1/../../../../arm-none-eabi/lib/thumb/v6-m/crt0.o (memset)
c:/program files (x86)/atmel/studio/7.0/toolchain/arm/arm-gnu-toolchain/bin/../lib/gcc/arm-none-eabi/6.3.1/../../../../arm-none-eabi/lib/thumb/v6-m\libc.a(lib_a-strlen-stub.o)
                              src/drivers/pusart.o (strlen)
c:/program files (x86)/atmel/studio/7.0/toolchain/arm/arm-gnu-toolchain/bin/../lib/gcc/arm-none-eabi/6.3.1/../../../../arm-none-eabi/lib/thumb/v6-m\libc.a(lib_a-vsprintf.o)
                              src/drivers/pusart.o (vsprintf)
c:/program files (x86)/atmel/studio/7.0/toolchain/arm/arm-gnu-toolchain/bin/../lib/gcc/arm-none-eabi/6.3.1/../../../../arm-none-eabi/lib/thumb/v6-m\libc.a(lib_a-__call_atexit.o)
[...]
Memory Configuration

Name             Origin             Length             Attributes
rom              0x00000000         0x00040000         xr
ram              0x20000000         0x00008000         xrw
*default*        0x00000000         0xffffffff

Linker script and memory map

LOAD c:/program files (x86)/atmel/studio/7.0/toolchain/arm/arm-gnu-toolchain/bin/../lib/gcc/arm-none-eabi/6.3.1/thumb/v6-m/crti.o
LOAD c:/program files (x86)/atmel/studio/7.0/toolchain/arm/arm-gnu-toolchain/bin/../lib/gcc/arm-none-eabi/6.3.1/thumb/v6-m/crtbegin.o
LOAD c:/program files (x86)/atmel/studio/7.0/toolchain/arm/arm-gnu-toolchain/bin/../lib/gcc/arm-none-eabi/6.3.1/../../../../arm-none-eabi/lib/thumb/v6-m/crt0.o
LOAD src/ASF/sam0/drivers/dma/dma.o
LOAD src/ASF/sam0/drivers/nvm/nvm.o
LOAD src/ASF/sam0/drivers/sercom/i2c/i2c_sam0/i2c_master.o
LOAD src/devices/br24.o
LOAD src/drivers/i2c_comms.o
LOAD src/ASF/sam0/services/eeprom/emulator/main_array/eeprom.o
LOAD src/drivers/pusart.o
LOAD src/ASF/common/utils/interrupt/interrupt_sam_nvic.o
LOAD src/ASF/sam0/boards/samd21_xplained_pro/board_init.o
LOAD src/ASF/sam0/drivers/port/port.o
LOAD src/ASF/sam0/drivers/sercom/sercom.o
LOAD src/ASF/sam0/drivers/sercom/usart/usart.o
LOAD src/ASF/sam0/drivers/system/clock/clock_samd21_r21_da_ha1/clock.o
LOAD src/ASF/sam0/drivers/system/clock/clock_samd21_r21_da_ha1/gclk.o
LOAD src/ASF/sam0/drivers/system/interrupt/system_interrupt.o
LOAD src/ASF/sam0/drivers/system/pinmux/pinmux.o
LOAD src/ASF/sam0/drivers/system/system.o
LOAD src/ASF/sam0/utils/cmsis/samd21/source/gcc/startup_samd21.o
LOAD src/ASF/sam0/utils/cmsis/samd21/source/system_samd21.o
LOAD src/ASF/sam0/utils/syscalls/gcc/syscalls.o
LOAD src/main.o
START GROUP
LOAD ../src/ASF/thirdparty/CMSIS/Lib/GCC\libarm_cortexM0l_math.a
LOAD c:/program files (x86)/atmel/studio/7.0/toolchain/arm/arm-gnu-toolchain/bin/../lib/gcc/arm-none-eabi/6.3.1/../../../../arm-none-eabi/lib/thumb/v6-m\libm.a
END GROUP
START GROUP
LOAD c:/program files (x86)/atmel/studio/7.0/toolchain/arm/arm-gnu-toolchain/bin/../lib/gcc/arm-none-eabi/6.3.1/thumb/v6-m\libgcc.a
LOAD c:/program files (x86)/atmel/studio/7.0/toolchain/arm/arm-gnu-toolchain/bin/../lib/gcc/arm-none-eabi/6.3.1/../../../../arm-none-eabi/lib/thumb/v6-m\libc.a
END GROUP
LOAD c:/program files (x86)/atmel/studio/7.0/toolchain/arm/arm-gnu-toolchain/bin/../lib/gcc/arm-none-eabi/6.3.1/thumb/v6-m/crtend.o
LOAD c:/program files (x86)/atmel/studio/7.0/toolchain/arm/arm-gnu-toolchain/bin/../lib/gcc/arm-none-eabi/6.3.1/thumb/v6-m/crtn.o
                0x00002000                STACK_SIZE = DEFINED (STACK_SIZE)?STACK_SIZE:DEFINED (__stack_size__)?__stack_size__:0x2000

.text           0x00000000     0x8d4c
                0x00000000                . = ALIGN (0x4)
                0x00000000                _sfixed = .
 *(.vectors .vectors.*)
 .vectors       0x00000000       0xb4 src/ASF/sam0/utils/cmsis/samd21/source/gcc/startup_samd21.o
                0x00000000                exception_table
 *(.text .text.* .gnu.linkonce.t.*)
 .text          0x000000b4       0x60 c:/program files (x86)/atmel/studio/7.0/toolchain/arm/arm-gnu-toolchain/bin/../lib/gcc/arm-none-eabi/6.3.1/thumb/v6-m/crtbegin.o
 .text.DMAC_Handler
                0x00000114       0xb4 src/ASF/sam0/drivers/dma/dma.o
                0x00000114                DMAC_Handler
 .text.nvm_set_config
                0x000001c8       0x88 src/ASF/sam0/drivers/nvm/nvm.o
                0x000001c8                nvm_set_config
 .text.nvm_execute_command
                0x00000250       0xa0 src/ASF/sam0/drivers/nvm/nvm.o
                0x00000250                nvm_execute_command
 .text.nvm_write_buffer
                0x000002f0       0xa8 src/ASF/sam0/drivers/nvm/nvm.o
                0x000002f0                nvm_write_buffer
 .text.nvm_read_buffer
                0x00000398       0x6c src/ASF/sam0/drivers/nvm/nvm.o
                0x00000398                nvm_read_buffer
 .text.nvm_erase_row
                0x00000404       0x5c src/ASF/sam0/drivers/nvm/nvm.o
                0x00000404                nvm_erase_row
 .text.nvm_get_parameters
                0x00000460       0x58 src/ASF/sam0/drivers/nvm/nvm.o
                0x00000460                nvm_get_parameters
 .text._i2c_master_wait_for_sync
                0x000004b8        0xc src/ASF/sam0/drivers/sercom/i2c/i2c_sam0/i2c_master.o
 .text.i2c_master_init
                0x000004c4      0x2c8 src/ASF/sam0/drivers/sercom/i2c/i2c_sam0/i2c_master.o
                0x000004c4                i2c_master_init
 .text._i2c_master_address_response
                0x0000078c       0x30 src/ASF/sam0/drivers/sercom/i2c/i2c_sam0/i2c_master.o
                0x0000078c                _i2c_master_address_response
 .text._i2c_master_wait_for_bus
                0x000007bc       0x2c src/ASF/sam0/drivers/sercom/i2c/i2c_sam0/i2c_master.o
                0x000007bc                _i2c_master_wait_for_bus
 .text._i2c_master_send_hs_master_code
                0x000007e8       0x20 src/ASF/sam0/drivers/sercom/i2c/i2c_sam0/i2c_master.o
                0x000007e8                _i2c_master_send_hs_master_code
 .text._i2c_master_read_packet
                0x00000808      0x1a0 src/ASF/sam0/drivers/sercom/i2c/i2c_sam0/i2c_master.o
 .text._i2c_master_write_packet
                0x000009a8       0xf4 src/ASF/sam0/drivers/sercom/i2c/i2c_sam0/i2c_master.o
 .text.i2c_master_read_packet_wait
                0x00000a9c       0x14 src/ASF/sam0/drivers/sercom/i2c/i2c_sam0/i2c_master.o
                0x00000a9c                i2c_master_read_packet_wait
 .text.i2c_master_read_packet_wait_no_stop
                0x00000ab0       0x14 src/ASF/sam0/drivers/sercom/i2c/i2c_sam0/i2c_master.o
                0x00000ab0                i2c_master_read_packet_wait_no_stop
 .text.i2c_master_write_packet_wait
                0x00000ac4       0x14 src/ASF/sam0/drivers/sercom/i2c/i2c_sam0/i2c_master.o
                0x00000ac4                i2c_master_write_packet_wait
 .text.i2c_master_write_packet_wait_no_stop
                0x00000ad8       0x14 src/ASF/sam0/drivers/sercom/i2c/i2c_sam0/i2c_master.o
                0x00000ad8                i2c_master_write_packet_wait_no_stop
 .text.br24_init
                0x00000aec      0x100 src/devices/br24.o
                0x00000aec                br24_init
 .text.i2c_write_bytes
                0x00000bec       0xa4 src/drivers/i2c_comms.o
                0x00000bec                i2c_write_bytes
 .text.i2c_read
                0x00000c90       0x70 src/drivers/i2c_comms.o
                0x00000c90                i2c_read
 .text.i2c_master_bus_init
                0x00000d00       0xb0 src/drivers/i2c_comms.o
                0x00000d00                i2c_master_bus_init
 .text._eeprom_emulator_nvm_erase_row
                0x00000db0       0x1c src/ASF/sam0/services/eeprom/emulator/main_array/eeprom.o
 .text._eeprom_emulator_update_page_mapping
                0x00000dcc      0x14c src/ASF/sam0/services/eeprom/emulator/main_array/eeprom.o
 .text._eeprom_emulator_nvm_read_page
                0x00000f18       0x24 src/ASF/sam0/services/eeprom/emulator/main_array/eeprom.o
 .text._eeprom_emulator_nvm_fill_cache
                0x00000f3c       0x24 src/ASF/sam0/services/eeprom/emulator/main_array/eeprom.o
 .text._eeprom_emulator_nvm_commit_cache
                0x00000f60       0x20 src/ASF/sam0/services/eeprom/emulator/main_array/eeprom.o
 .text.eeprom_emulator_init
                0x00000f80       0xe4 src/ASF/sam0/services/eeprom/emulator/main_array/eeprom.o
                0x00000f80                eeprom_emulator_init
 .text.eeprom_emulator_erase_memory
                0x00001064       0xe0 src/ASF/sam0/services/eeprom/emulator/main_array/eeprom.o
                0x00001064                eeprom_emulator_erase_memory
 .text.eeprom_emulator_read_page
                0x00001144       0x68 src/ASF/sam0/services/eeprom/emulator/main_array/eeprom.o
                0x00001144                eeprom_emulator_read_page
 .text.eeprom_emulator_commit_page_buffer
                0x000011ac       0x30 src/ASF/sam0/services/eeprom/emulator/main_array/eeprom.o
                0x000011ac                eeprom_emulator_commit_page_buffer
 .text.eeprom_emulator_write_page
                0x000011dc      0x194 src/ASF/sam0/services/eeprom/emulator/main_array/eeprom.o
                0x000011dc                eeprom_emulator_write_page
 .text.pprint   0x00001370       0x58 src/drivers/pusart.o
                0x00001370                pprint
 .text.pusart_init
                0x000013c8       0xac src/drivers/pusart.o
                0x000013c8                pusart_init
 .text.cpu_irq_enter_critical
                0x00001474       0x40 src/ASF/common/utils/interrupt/interrupt_sam_nvic.o
                0x00001474                cpu_irq_enter_critical
 .text.cpu_irq_leave_critical
                0x000014b4       0x30 src/ASF/common/utils/interrupt/interrupt_sam_nvic.o
                0x000014b4                cpu_irq_leave_critical
 .text.system_board_init
                0x000014e4       0x38 src/ASF/sam0/boards/samd21_xplained_pro/board_init.o
                0x000014e4                board_init
                0x000014e4                system_board_init
 .text.port_pin_set_config
                0x0000151c       0x24 src/ASF/sam0/drivers/port/port.o
                0x0000151c                port_pin_set_config
 .text.long_division
                0x00001540       0xba src/ASF/sam0/drivers/sercom/sercom.o
 .text._sercom_get_sync_baud_val
                0x000015fa       0x28 src/ASF/sam0/drivers/sercom/sercom.o
                0x000015fa                _sercom_get_sync_baud_val
 *fill*         0x00001622        0x2 
 .text._sercom_get_async_baud_val
                0x00001624       0x94 src/ASF/sam0/drivers/sercom/sercom.o
                0x00001624                _sercom_get_async_baud_val
 .text.sercom_set_gclk_generator
                0x000016b8       0x4c src/ASF/sam0/drivers/sercom/sercom.o
                0x000016b8                sercom_set_gclk_generator
 .text._sercom_get_default_pad
                0x00001704      0x178 src/ASF/sam0/drivers/sercom/sercom.o
                0x00001704                _sercom_get_default_pad
 .text._sercom_get_sercom_inst_index
                0x0000187c       0x38 src/ASF/sam0/drivers/sercom/sercom.o
                0x0000187c                _sercom_get_sercom_inst_index
 .text.usart_init
                0x000018b4      0x2fc src/ASF/sam0/drivers/sercom/usart/usart.o
                0x000018b4                usart_init
 .text.usart_write_wait
                0x00001bb0       0x2a src/ASF/sam0/drivers/sercom/usart/usart.o
                0x00001bb0                usart_write_wait
 *fill*         0x00001bda        0x2 
 .text.usart_write_buffer_wait
                0x00001bdc       0xc0 src/ASF/sam0/drivers/sercom/usart/usart.o
                0x00001bdc                usart_write_buffer_wait
 .text.system_clock_source_get_hz
                0x00001c9c       0x94 src/ASF/sam0/drivers/system/clock/clock_samd21_r21_da_ha1/clock.o
                0x00001c9c                system_clock_source_get_hz
 .text.system_clock_source_osc8m_set_config
                0x00001d30       0x3c src/ASF/sam0/drivers/system/clock/clock_samd21_r21_da_ha1/clock.o
                0x00001d30                system_clock_source_osc8m_set_config
 .text.system_clock_source_xosc32k_set_config
                0x00001d6c       0xb8 src/ASF/sam0/drivers/system/clock/clock_samd21_r21_da_ha1/clock.o
                0x00001d6c                system_clock_source_xosc32k_set_config
 .text.system_clock_source_enable
                0x00001e24       0xa8 src/ASF/sam0/drivers/system/clock/clock_samd21_r21_da_ha1/clock.o
                0x00001e24                system_clock_source_enable
 .text.system_clock_init
                0x00001ecc       0xf0 src/ASF/sam0/drivers/system/clock/clock_samd21_r21_da_ha1/clock.o
                0x00001ecc                system_clock_init
 .text.system_gclk_init
                0x00001fbc       0x24 src/ASF/sam0/drivers/system/clock/clock_samd21_r21_da_ha1/gclk.o
                0x00001fbc                system_gclk_init
 .text.system_gclk_gen_set_config
                0x00001fe0       0xb8 src/ASF/sam0/drivers/system/clock/clock_samd21_r21_da_ha1/gclk.o
                0x00001fe0                system_gclk_gen_set_config
 .text.system_gclk_gen_enable
                0x00002098       0x44 src/ASF/sam0/drivers/system/clock/clock_samd21_r21_da_ha1/gclk.o
                0x00002098                system_gclk_gen_enable
 .text.system_gclk_gen_get_hz
                0x000020dc       0x8c src/ASF/sam0/drivers/system/clock/clock_samd21_r21_da_ha1/gclk.o
                0x000020dc                system_gclk_gen_get_hz
 .text.system_gclk_chan_enable
                0x00002168       0x30 src/ASF/sam0/drivers/system/clock/clock_samd21_r21_da_ha1/gclk.o
                0x00002168                system_gclk_chan_enable
 .text.system_gclk_chan_disable
                0x00002198       0x5c src/ASF/sam0/drivers/system/clock/clock_samd21_r21_da_ha1/gclk.o
                0x00002198                system_gclk_chan_disable
 .text.system_gclk_chan_set_config
                0x000021f4       0x1c src/ASF/sam0/drivers/system/clock/clock_samd21_r21_da_ha1/gclk.o
                0x000021f4                system_gclk_chan_set_config
 .text.system_gclk_chan_get_hz
                0x00002210       0x34 src/ASF/sam0/drivers/system/clock/clock_samd21_r21_da_ha1/gclk.o
                0x00002210                system_gclk_chan_get_hz
 .text._system_pinmux_config
                0x00002244       0xa8 src/ASF/sam0/drivers/system/pinmux/pinmux.o
 .text.system_pinmux_pin_set_config
                0x000022ec       0x30 src/ASF/sam0/drivers/system/pinmux/pinmux.o
                0x000022ec                system_pinmux_pin_set_config
 .text._system_dummy_init
                0x0000231c        0x2 src/ASF/sam0/drivers/system/system.o
                0x0000231c                _system_extint_init
                0x0000231c                _system_events_init
                0x0000231c                _system_dummy_init
                0x0000231c                _system_divas_init
 *fill*         0x0000231e        0x2 
 .text.system_init
                0x00002320       0x2c src/ASF/sam0/drivers/system/system.o
                0x00002320                system_init
 .text.Dummy_Handler
                0x0000234c        0x2 src/ASF/sam0/utils/cmsis/samd21/source/gcc/startup_samd21.o
                0x0000234c                HardFault_Handler
                0x0000234c                AC_Handler
                0x0000234c                SysTick_Handler
                0x0000234c                PendSV_Handler
                0x0000234c                NMI_Handler
                0x0000234c                TC7_Handler
                0x0000234c                SERCOM1_Handler
                0x0000234c                ADC_Handler
                0x0000234c                TCC1_Handler
                0x0000234c                SERCOM2_Handler
                0x0000234c                TCC0_Handler
                0x0000234c                RTC_Handler
                0x0000234c                EIC_Handler
                0x0000234c                TC6_Handler
                0x0000234c                WDT_Handler
                0x0000234c                TC4_Handler
                0x0000234c                USB_Handler
                0x0000234c                TC3_Handler
                0x0000234c                Dummy_Handler
                0x0000234c                PM_Handler
                0x0000234c                SERCOM5_Handler
                0x0000234c                SVC_Handler
                0x0000234c                TCC2_Handler
                0x0000234c                EVSYS_Handler
                0x0000234c                SERCOM3_Handler
                0x0000234c                SERCOM4_Handler
                0x0000234c                I2S_Handler
                0x0000234c                NVMCTRL_Handler
                0x0000234c                SERCOM0_Handler
                0x0000234c                DAC_Handler
                0x0000234c                PTC_Handler
                0x0000234c                TC5_Handler
                0x0000234c                SYSCTRL_Handler
 *fill*         0x0000234e        0x2 
 .text.Reset_Handler
                0x00002350       0xe4 src/ASF/sam0/utils/cmsis/samd21/source/gcc/startup_samd21.o
                0x00002350                Reset_Handler
 .text._sbrk    0x00002434       0x24 src/ASF/sam0/utils/syscalls/gcc/syscalls.o
                0x00002434                _sbrk
 .text.main     0x00002458      0x1dc src/main.o
                0x00002458                main
 .text          0x00002634      0x114 c:/program files (x86)/atmel/studio/7.0/toolchain/arm/arm-gnu-toolchain/bin/../lib/gcc/arm-none-eabi/6.3.1/thumb/v6-m\libgcc.a(_udivsi3.o)
                0x00002634                __aeabi_uidiv
                0x00002634                __udivsi3
                0x00002740                __aeabi_uidivmod
 .text          0x00002748        0x4 c:/program files (x86)/atmel/studio/7.0/toolchain/arm/arm-gnu-toolchain/bin/../lib/gcc/arm-none-eabi/6.3.1/thumb/v6-m\libgcc.a(_dvmd_tls.o)
                0x00002748                __aeabi_idiv0
                0x00002748                __aeabi_ldiv0
 .text          0x0000274c       0x54 c:/program files (x86)/atmel/studio/7.0/toolchain/arm/arm-gnu-toolchain/bin/../lib/gcc/arm-none-eabi/6.3.1/thumb/v6-m\libgcc.a(_muldi3.o)
                0x0000274c                __muldi3
                0x0000274c                __aeabi_lmul
 .text          0x000027a0      0x620 c:/program files (x86)/atmel/studio/7.0/toolchain/arm/arm-gnu-toolchain/bin/../lib/gcc/arm-none-eabi/6.3.1/thumb/v6-m\libgcc.a(adddf3.o)
                0x000027a0                __aeabi_dadd
 .text          0x00002dc0      0x668 c:/program files (x86)/atmel/studio/7.0/toolchain/arm/arm-gnu-toolchain/bin/../lib/gcc/arm-none-eabi/6.3.1/thumb/v6-m\libgcc.a(divdf3.o)
                0x00002dc0                __aeabi_ddiv
 .text          0x00003428      0x500 c:/program files (x86)/atmel/studio/7.0/toolchain/arm/arm-gnu-toolchain/bin/../lib/gcc/arm-none-eabi/6.3.1/thumb/v6-m\libgcc.a(muldf3.o)
                0x00003428                __aeabi_dmul
 .text          0x00003928      0x62c c:/program files (x86)/atmel/studio/7.0/toolchain/arm/arm-gnu-toolchain/bin/../lib/gcc/arm-none-eabi/6.3.1/thumb/v6-m\libgcc.a(subdf3.o)
                0x00003928                __aeabi_dsub
 .text          0x00003f54       0x68 c:/program files (x86)/atmel/studio/7.0/toolchain/arm/arm-gnu-toolchain/bin/../lib/gcc/arm-none-eabi/6.3.1/thumb/v6-m\libgcc.a(fixdfsi.o)
                0x00003f54                __aeabi_d2iz
 .text          0x00003fbc       0x70 c:/program files (x86)/atmel/studio/7.0/toolchain/arm/arm-gnu-toolchain/bin/../lib/gcc/arm-none-eabi/6.3.1/thumb/v6-m\libgcc.a(floatunsidf.o)
                0x00003fbc                __aeabi_ui2d
 .text          0x0000402c       0x3c c:/program files (x86)/atmel/studio/7.0/toolchain/arm/arm-gnu-toolchain/bin/../lib/gcc/arm-none-eabi/6.3.1/thumb/v6-m\libgcc.a(_clzsi2.o)
                0x0000402c                __clzsi2
 .text.__libc_init_array
                0x00004068       0x48 c:/program files (x86)/atmel/studio/7.0/toolchain/arm/arm-gnu-toolchain/bin/../lib/gcc/arm-none-eabi/6.3.1/../../../../arm-none-eabi/lib/thumb/v6-m\libc.a(lib_a-init.o)
                0x00004068                __libc_init_array
 .text.memcpy   0x000040b0       0x84 c:/program files (x86)/atmel/studio/7.0/toolchain/arm/arm-gnu-toolchain/bin/../lib/gcc/arm-none-eabi/6.3.1/../../../../arm-none-eabi/lib/thumb/v6-m\libc.a(lib_a-memcpy-stub.o)
                0x000040b0                memcpy
 .text.memset   0x00004134       0x94 c:/program files (x86)/atmel/studio/7.0/toolchain/arm/arm-gnu-toolchain/bin/../lib/gcc/arm-none-eabi/6.3.1/../../../../arm-none-eabi/lib/thumb/v6-m\libc.a(lib_a-memset.o)
                0x00004134                memset
 .text.strlen   0x000041c8       0x64 c:/program files (x86)/atmel/studio/7.0/toolchain/arm/arm-gnu-toolchain/bin/../lib/gcc/arm-none-eabi/6.3.1/../../../../arm-none-eabi/lib/thumb/v6-m\libc.a(lib_a-strlen-stub.o)
                0x000041c8                strlen
 .text._vsprintf_r
                0x0000422c       0x30 c:/program files (x86)/atmel/studio/7.0/toolchain/arm/arm-gnu-toolchain/bin/../lib/gcc/arm-none-eabi/6.3.1/../../../../arm-none-eabi/lib/thumb/v6-m\libc.a(lib_a-vsprintf.o)
                0x0000422c                _vsprintf_r
 .text.vsprintf
                0x0000425c       0x18 c:/program files (x86)/atmel/studio/7.0/toolchain/arm/arm-gnu-toolchain/bin/../lib/gcc/arm-none-eabi/6.3.1/../../../../arm-none-eabi/lib/thumb/v6-m\libc.a(lib_a-vsprintf.o)
                0x0000425c                vsprintf
 .text.startup.register_fini
                0x00004274       0x18 c:/program files (x86)/atmel/studio/7.0/toolchain/arm/arm-gnu-toolchain/bin/../lib/gcc/arm-none-eabi/6.3.1/../../../../arm-none-eabi/lib/thumb/v6-m\libc.a(lib_a-__call_atexit.o)
 .text.atexit   0x0000428c       0x10 c:/program files (x86)/atmel/studio/7.0/toolchain/arm/arm-gnu-toolchain/bin/../lib/gcc/arm-none-eabi/6.3.1/../../../../arm-none-eabi/lib/thumb/v6-m\libc.a(lib_a-atexit.o)
                0x0000428c                atexit
 .text.__libc_fini_array
                0x0000429c       0x34 c:/program files (x86)/atmel/studio/7.0/toolchain/arm/arm-gnu-toolchain/bin/../lib/gcc/arm-none-eabi/6.3.1/../../../../arm-none-eabi/lib/thumb/v6-m\libc.a(lib_a-fini.o)
                0x0000429c                __libc_fini_array
 .text.__retarget_lock_acquire_recursive
                0x000042d0        0x4 c:/program files (x86)/atmel/studio/7.0/toolchain/arm/arm-gnu-toolchain/bin/../lib/gcc/arm-none-eabi/6.3.1/../../../../arm-none-eabi/lib/thumb/v6-m\libc.a(lib_a-lock.o)
                0x000042d0                __retarget_lock_acquire_recursive
 .text.__retarget_lock_release_recursive
                0x000042d4        0x4 c:/program files (x86)/atmel/studio/7.0/toolchain/arm/arm-gnu-toolchain/bin/../lib/gcc/arm-none-eabi/6.3.1/../../../../arm-none-eabi/lib/thumb/v6-m\libc.a(lib_a-lock.o)
                0x000042d4                __retarget_lock_release_recursive
 .text._svfprintf_r
                0x000042d8     0x1608 c:/program files (x86)/atmel/studio/7.0/toolchain/arm/arm-gnu-toolchain/bin/../lib/gcc/arm-none-eabi/6.3.1/../../../../arm-none-eabi/lib/thumb/v6-m\libc.a(lib_a-svfprintf.o)
                0x000042d8                _svfprintf_r
 .text.__register_exitproc
                0x000058e0       0xf4 c:/program files (x86)/atmel/studio/7.0/toolchain/arm/arm-gnu-toolchain/bin/../lib/gcc/arm-none-eabi/6.3.1/../../../../arm-none-eabi/lib/thumb/v6-m\libc.a(lib_a-__atexit.o)
                0x000058e0                __register_exitproc
 .text.quorem   0x000059d4      0x154 c:/program files (x86)/atmel/studio/7.0/toolchain/arm/arm-gnu-toolchain/bin/../lib/gcc/arm-none-eabi/6.3.1/../../../../arm-none-eabi/lib/thumb/v6-m\libc.a(lib_a-dtoa.o)
 .text._dtoa_r  0x00005b28      0xf88 c:/program files (x86)/atmel/studio/7.0/toolchain/arm/arm-gnu-toolchain/bin/../lib/gcc/arm-none-eabi/6.3.1/../../../../arm-none-eabi/lib/thumb/v6-m\libc.a(lib_a-dtoa.o)
                0x00005b28                _dtoa_r
 .text._localeconv_r
                0x00006ab0       0x1c c:/program files (x86)/atmel/studio/7.0/toolchain/arm/arm-gnu-toolchain/bin/../lib/gcc/arm-none-eabi/6.3.1/../../../../arm-none-eabi/lib/thumb/v6-m\libc.a(lib_a-localeconv.o)
                0x00006ab0                _localeconv_r
 .text._malloc_r
                0x00006acc      0x568 c:/program files (x86)/atmel/studio/7.0/toolchain/arm/arm-gnu-toolchain/bin/../lib/gcc/arm-none-eabi/6.3.1/../../../../arm-none-eabi/lib/thumb/v6-m\libc.a(lib_a-mallocr.o)
                0x00006acc                _malloc_r
 .text.memchr   0x00007034       0x80 c:/program files (x86)/atmel/studio/7.0/toolchain/arm/arm-gnu-toolchain/bin/../lib/gcc/arm-none-eabi/6.3.1/../../../../arm-none-eabi/lib/thumb/v6-m\libc.a(lib_a-memchr-stub.o)
                0x00007034                memchr
 .text.__malloc_lock
                0x000070b4       0x10 c:/program files (x86)/atmel/studio/7.0/toolchain/arm/arm-gnu-toolchain/bin/../lib/gcc/arm-none-eabi/6.3.1/../../../../arm-none-eabi/lib/thumb/v6-m\libc.a(lib_a-mlock.o)
                0x000070b4                __malloc_lock
 .text.__malloc_unlock
                0x000070c4       0x10 c:/program files (x86)/atmel/studio/7.0/toolchain/arm/arm-gnu-toolchain/bin/../lib/gcc/arm-none-eabi/6.3.1/../../../../arm-none-eabi/lib/thumb/v6-m\libc.a(lib_a-mlock.o)
                0x000070c4                __malloc_unlock
 .text._Balloc  0x000070d4       0x50 c:/program files (x86)/atmel/studio/7.0/toolchain/arm/arm-gnu-toolchain/bin/../lib/gcc/arm-none-eabi/6.3.1/../../../../arm-none-eabi/lib/thumb/v6-m\libc.a(lib_a-mprec.o)
                0x000070d4                _Balloc
 .text._Bfree   0x00007124       0x14 c:/program files (x86)/atmel/studio/7.0/toolchain/arm/arm-gnu-toolchain/bin/../lib/gcc/arm-none-eabi/6.3.1/../../../../arm-none-eabi/lib/thumb/v6-m\libc.a(lib_a-mprec.o)
                0x00007124                _Bfree
 .text.__multadd
                0x00007138       0x8c c:/program files (x86)/atmel/studio/7.0/toolchain/arm/arm-gnu-toolchain/bin/../lib/gcc/arm-none-eabi/6.3.1/../../../../arm-none-eabi/lib/thumb/v6-m\libc.a(lib_a-mprec.o)
                0x00007138                __multadd
 .text.__hi0bits
                0x000071c4       0x34 c:/program files (x86)/atmel/studio/7.0/toolchain/arm/arm-gnu-toolchain/bin/../lib/gcc/arm-none-eabi/6.3.1/../../../../arm-none-eabi/lib/thumb/v6-m\libc.a(lib_a-mprec.o)
                0x000071c4                __hi0bits
 .text.__lo0bits
                0x000071f8       0x5c c:/program files (x86)/atmel/studio/7.0/toolchain/arm/arm-gnu-toolchain/bin/../lib/gcc/arm-none-eabi/6.3.1/../../../../arm-none-eabi/lib/thumb/v6-m\libc.a(lib_a-mprec.o)
                0x000071f8                __lo0bits
 .text.__i2b    0x00007254       0x14 c:/program files (x86)/atmel/studio/7.0/toolchain/arm/arm-gnu-toolchain/bin/../lib/gcc/arm-none-eabi/6.3.1/../../../../arm-none-eabi/lib/thumb/v6-m\libc.a(lib_a-mprec.o)
                0x00007254                __i2b
 .text.__multiply
                0x00007268      0x154 c:/program files (x86)/atmel/studio/7.0/toolchain/arm/arm-gnu-toolchain/bin/../lib/gcc/arm-none-eabi/6.3.1/../../../../arm-none-eabi/lib/thumb/v6-m\libc.a(lib_a-mprec.o)
                0x00007268                __multiply
 .text.__pow5mult
                0x000073bc       0xc0 c:/program files (x86)/atmel/studio/7.0/toolchain/arm/arm-gnu-toolchain/bin/../lib/gcc/arm-none-eabi/6.3.1/../../../../arm-none-eabi/lib/thumb/v6-m\libc.a(lib_a-mprec.o)
                0x000073bc                __pow5mult
 .text.__lshift
                0x0000747c       0xc0 c:/program files (x86)/atmel/studio/7.0/toolchain/arm/arm-gnu-toolchain/bin/../lib/gcc/arm-none-eabi/6.3.1/../../../../arm-none-eabi/lib/thumb/v6-m\libc.a(lib_a-mprec.o)
                0x0000747c                __lshift
 .text.__mcmp   0x0000753c       0x34 c:/program files (x86)/atmel/studio/7.0/toolchain/arm/arm-gnu-toolchain/bin/../lib/gcc/arm-none-eabi/6.3.1/../../../../arm-none-eabi/lib/thumb/v6-m\libc.a(lib_a-mprec.o)
                0x0000753c                __mcmp
 .text.__mdiff  0x00007570      0x138 c:/program files (x86)/atmel/studio/7.0/toolchain/arm/arm-gnu-toolchain/bin/../lib/gcc/arm-none-eabi/6.3.1/../../../../arm-none-eabi/lib/thumb/v6-m\libc.a(lib_a-mprec.o)
                0x00007570                __mdiff
 .text.__d2b    0x000076a8       0xbc c:/program files (x86)/atmel/studio/7.0/toolchain/arm/arm-gnu-toolchain/bin/../lib/gcc/arm-none-eabi/6.3.1/../../../../arm-none-eabi/lib/thumb/v6-m\libc.a(lib_a-mprec.o)
                0x000076a8                __d2b
 .text._sbrk_r  0x00007764       0x24 c:/program files (x86)/atmel/studio/7.0/toolchain/arm/arm-gnu-toolchain/bin/../lib/gcc/arm-none-eabi/6.3.1/../../../../arm-none-eabi/lib/thumb/v6-m\libc.a(lib_a-sbrkr.o)
                0x00007764                _sbrk_r
 .text.__ssprint_r
                0x00007788      0x120 c:/program files (x86)/atmel/studio/7.0/toolchain/arm/arm-gnu-toolchain/bin/../lib/gcc/arm-none-eabi/6.3.1/../../../../arm-none-eabi/lib/thumb/v6-m\libc.a(lib_a-svfiprintf.o)
                0x00007788                __ssprint_r
 .text._calloc_r
                0x000078a8       0x58 c:/program files (x86)/atmel/studio/7.0/toolchain/arm/arm-gnu-toolchain/bin/../lib/gcc/arm-none-eabi/6.3.1/../../../../arm-none-eabi/lib/thumb/v6-m\libc.a(lib_a-callocr.o)
                0x000078a8                _calloc_r
 .text._malloc_trim_r
                0x00007900       0xa0 c:/program files (x86)/atmel/studio/7.0/toolchain/arm/arm-gnu-toolchain/bin/../lib/gcc/arm-none-eabi/6.3.1/../../../../arm-none-eabi/lib/thumb/v6-m\libc.a(lib_a-freer.o)
                0x00007900                _malloc_trim_r
 .text._free_r  0x000079a0      0x1bc c:/program files (x86)/atmel/studio/7.0/toolchain/arm/arm-gnu-toolchain/bin/../lib/gcc/arm-none-eabi/6.3.1/../../../../arm-none-eabi/lib/thumb/v6-m\libc.a(lib_a-freer.o)
                0x000079a0                _free_r
 .text.__ascii_mbtowc
                0x00007b5c       0x2c c:/program files (x86)/atmel/studio/7.0/toolchain/arm/arm-gnu-toolchain/bin/../lib/gcc/arm-none-eabi/6.3.1/../../../../arm-none-eabi/lib/thumb/v6-m\libc.a(lib_a-mbtowc_r.o)
                0x00007b5c                __ascii_mbtowc
 .text.memmove  0x00007b88       0xa0 c:/program files (x86)/atmel/studio/7.0/toolchain/arm/arm-gnu-toolchain/bin/../lib/gcc/arm-none-eabi/6.3.1/../../../../arm-none-eabi/lib/thumb/v6-m\libc.a(lib_a-memmove.o)
                0x00007b88                memmove
 .text._realloc_r
                0x00007c28      0x37c c:/program files (x86)/atmel/studio/7.0/toolchain/arm/arm-gnu-toolchain/bin/../lib/gcc/arm-none-eabi/6.3.1/../../../../arm-none-eabi/lib/thumb/v6-m\libc.a(lib_a-reallocr.o)
                0x00007c28                _realloc_r
 .text.__ascii_wctomb
                0x00007fa4       0x1c c:/program files (x86)/atmel/studio/7.0/toolchain/arm/arm-gnu-toolchain/bin/../lib/gcc/arm-none-eabi/6.3.1/../../../../arm-none-eabi/lib/thumb/v6-m\libc.a(lib_a-wctomb_r.o)
                0x00007fa4                __ascii_wctomb
 .text          0x00007fc0      0x1d4 c:/program files (x86)/atmel/studio/7.0/toolchain/arm/arm-gnu-toolchain/bin/../lib/gcc/arm-none-eabi/6.3.1/thumb/v6-m\libgcc.a(_divsi3.o)
                0x00007fc0                __divsi3
                0x00007fc0                __aeabi_idiv
                0x0000818c                __aeabi_idivmod
 .text          0x00008194       0x7c c:/program files (x86)/atmel/studio/7.0/toolchain/arm/arm-gnu-toolchain/bin/../lib/gcc/arm-none-eabi/6.3.1/thumb/v6-m\libgcc.a(_arm_cmpdf2.o)
                0x00008194                __aeabi_cdrcmple
                0x000081a4                __aeabi_cdcmple
                0x000081a4                __aeabi_cdcmpeq
                0x000081b4                __aeabi_dcmpeq
                0x000081c0                __aeabi_dcmplt
                0x000081d4                __aeabi_dcmple
                0x000081e8                __aeabi_dcmpgt
                0x000081fc                __aeabi_dcmpge
 .text          0x00008210       0x40 c:/program files (x86)/atmel/studio/7.0/toolchain/arm/arm-gnu-toolchain/bin/../lib/gcc/arm-none-eabi/6.3.1/thumb/v6-m\libgcc.a(_aeabi_uldivmod.o)
                0x00008210                __aeabi_uldivmod
 .text          0x00008250      0x180 c:/program files (x86)/atmel/studio/7.0/toolchain/arm/arm-gnu-toolchain/bin/../lib/gcc/arm-none-eabi/6.3.1/thumb/v6-m\libgcc.a(_udivmoddi4.o)
                0x00008250                __udivmoddi4
 .text          0x000083d0       0x74 c:/program files (x86)/atmel/studio/7.0/toolchain/arm/arm-gnu-toolchain/bin/../lib/gcc/arm-none-eabi/6.3.1/thumb/v6-m\libgcc.a(eqdf2.o)
                0x000083d0                __nedf2
                0x000083d0                __eqdf2
 .text          0x00008444       0xc8 c:/program files (x86)/atmel/studio/7.0/toolchain/arm/arm-gnu-toolchain/bin/../lib/gcc/arm-none-eabi/6.3.1/thumb/v6-m\libgcc.a(gedf2.o)
                0x00008444                __gedf2
                0x00008444                __gtdf2
 .text          0x0000850c       0xc4 c:/program files (x86)/atmel/studio/7.0/toolchain/arm/arm-gnu-toolchain/bin/../lib/gcc/arm-none-eabi/6.3.1/thumb/v6-m\libgcc.a(ledf2.o)
                0x0000850c                __ledf2
                0x0000850c                __ltdf2
 .text          0x000085d0       0x40 c:/program files (x86)/atmel/studio/7.0/toolchain/arm/arm-gnu-toolchain/bin/../lib/gcc/arm-none-eabi/6.3.1/thumb/v6-m\libgcc.a(unorddf2.o)
                0x000085d0                __aeabi_dcmpun
 .text          0x00008610       0x84 c:/program files (x86)/atmel/studio/7.0/toolchain/arm/arm-gnu-toolchain/bin/../lib/gcc/arm-none-eabi/6.3.1/thumb/v6-m\libgcc.a(floatsidf.o)
                0x00008610                __aeabi_i2d
 .text          0x00008694       0x18 c:/program files (x86)/atmel/studio/7.0/toolchain/arm/arm-gnu-toolchain/bin/../lib/gcc/arm-none-eabi/6.3.1/thumb/v6-m\libgcc.a(_clzdi2.o)
                0x00008694                __clzdi2
 *(.glue_7t)
 .glue_7t       0x000086ac        0x0 linker stubs
 *(.glue_7)
 .glue_7        0x000086ac        0x0 linker stubs
 *(.rodata .rodata* .gnu.linkonce.r.*)
 .rodata.nvm_execute_command
                0x000086ac      0x118 src/ASF/sam0/drivers/nvm/nvm.o
 .rodata        0x000087c4       0x10 src/devices/br24.o
 .rodata.br24_init.str1.4
                0x000087d4       0x19 src/devices/br24.o
                                 0x21 (size before relaxing)
 *fill*         0x000087ed        0x3 
 .rodata        0x000087f0        0xc src/ASF/sam0/services/eeprom/emulator/main_array/eeprom.o
 .rodata.pusart_init.str1.4
                0x000087fc       0x23 src/drivers/pusart.o
 *fill*         0x0000881f        0x1 
 .rodata        0x00008820       0x18 src/ASF/sam0/drivers/sercom/sercom.o
 .rodata.system_clock_source_get_hz
                0x00008838       0x24 src/ASF/sam0/drivers/system/clock/clock_samd21_r21_da_ha1/clock.o
 .rodata.system_clock_source_enable
                0x0000885c       0x24 src/ASF/sam0/drivers/system/clock/clock_samd21_r21_da_ha1/clock.o
 .rodata.main.str1.4
                0x00008880       0x35 src/main.o
                                 0x4d (size before relaxing)
 *fill*         0x000088b5        0x3 
 .rodata        0x000088b8       0x40 c:/program files (x86)/atmel/studio/7.0/toolchain/arm/arm-gnu-toolchain/bin/../lib/gcc/arm-none-eabi/6.3.1/thumb/v6-m\libgcc.a(divdf3.o)
 .rodata        0x000088f8       0x40 c:/program files (x86)/atmel/studio/7.0/toolchain/arm/arm-gnu-toolchain/bin/../lib/gcc/arm-none-eabi/6.3.1/thumb/v6-m\libgcc.a(muldf3.o)
 .rodata._global_impure_ptr
                0x00008938        0x4 c:/program files (x86)/atmel/studio/7.0/toolchain/arm/arm-gnu-toolchain/bin/../lib/gcc/arm-none-eabi/6.3.1/../../../../arm-none-eabi/lib/thumb/v6-m\libc.a(lib_a-impure.o)
                0x00008938                _global_impure_ptr
 .rodata._svfprintf_r
                0x0000893c      0x164 c:/program files (x86)/atmel/studio/7.0/toolchain/arm/arm-gnu-toolchain/bin/../lib/gcc/arm-none-eabi/6.3.1/../../../../arm-none-eabi/lib/thumb/v6-m\libc.a(lib_a-svfprintf.o)
 .rodata._svfprintf_r.str1.4
                0x00008aa0       0x42 c:/program files (x86)/atmel/studio/7.0/toolchain/arm/arm-gnu-toolchain/bin/../lib/gcc/arm-none-eabi/6.3.1/../../../../arm-none-eabi/lib/thumb/v6-m\libc.a(lib_a-svfprintf.o)
 *fill*         0x00008ae2        0x2 
 .rodata.blanks.7223
                0x00008ae4       0x10 c:/program files (x86)/atmel/studio/7.0/toolchain/arm/arm-gnu-toolchain/bin/../lib/gcc/arm-none-eabi/6.3.1/../../../../arm-none-eabi/lib/thumb/v6-m\libc.a(lib_a-svfprintf.o)
 .rodata.zeroes.7224
                0x00008af4       0x10 c:/program files (x86)/atmel/studio/7.0/toolchain/arm/arm-gnu-toolchain/bin/../lib/gcc/arm-none-eabi/6.3.1/../../../../arm-none-eabi/lib/thumb/v6-m\libc.a(lib_a-svfprintf.o)
 .rodata._dtoa_r.str1.4
                0x00008b04       0x10 c:/program files (x86)/atmel/studio/7.0/toolchain/arm/arm-gnu-toolchain/bin/../lib/gcc/arm-none-eabi/6.3.1/../../../../arm-none-eabi/lib/thumb/v6-m\libc.a(lib_a-dtoa.o)
                                 0x12 (size before relaxing)
 *fill*         0x00008b14        0x4 
 .rodata.__mprec_bigtens
                0x00008b18       0x28 c:/program files (x86)/atmel/studio/7.0/toolchain/arm/arm-gnu-toolchain/bin/../lib/gcc/arm-none-eabi/6.3.1/../../../../arm-none-eabi/lib/thumb/v6-m\libc.a(lib_a-mprec.o)
                0x00008b18                __mprec_bigtens
 .rodata.__mprec_tens
                0x00008b40       0xc8 c:/program files (x86)/atmel/studio/7.0/toolchain/arm/arm-gnu-toolchain/bin/../lib/gcc/arm-none-eabi/6.3.1/../../../../arm-none-eabi/lib/thumb/v6-m\libc.a(lib_a-mprec.o)
                0x00008b40                __mprec_tens
 .rodata.p05.6055
                0x00008c08        0xc c:/program files (x86)/atmel/studio/7.0/toolchain/arm/arm-gnu-toolchain/bin/../lib/gcc/arm-none-eabi/6.3.1/../../../../arm-none-eabi/lib/thumb/v6-m\libc.a(lib_a-mprec.o)
 .rodata._setlocale_r.str1.4
                0x00008c14        0xa c:/program files (x86)/atmel/studio/7.0/toolchain/arm/arm-gnu-toolchain/bin/../lib/gcc/arm-none-eabi/6.3.1/../../../../arm-none-eabi/lib/thumb/v6-m\libc.a(lib_a-locale.o)
                                  0xd (size before relaxing)
 *fill*         0x00008c1e        0x2 
 .rodata.str1.4
                0x00008c20        0x4 c:/program files (x86)/atmel/studio/7.0/toolchain/arm/arm-gnu-toolchain/bin/../lib/gcc/arm-none-eabi/6.3.1/../../../../arm-none-eabi/lib/thumb/v6-m\libc.a(lib_a-locale.o)
                                  0x2 (size before relaxing)
 .rodata._ctype_
                0x00008c24      0x101 c:/program files (x86)/atmel/studio/7.0/toolchain/arm/arm-gnu-toolchain/bin/../lib/gcc/arm-none-eabi/6.3.1/../../../../arm-none-eabi/lib/thumb/v6-m\libc.a(lib_a-ctype_.o)
                0x00008c24                _ctype_
 *(.ARM.extab* .gnu.linkonce.armextab.*)
                0x00008d28                . = ALIGN (0x4)
 *fill*         0x00008d25        0x3 
 *(.init)
 .init          0x00008d28        0x4 c:/program files (x86)/atmel/studio/7.0/toolchain/arm/arm-gnu-toolchain/bin/../lib/gcc/arm-none-eabi/6.3.1/thumb/v6-m/crti.o
                0x00008d28                _init
 .init          0x00008d2c        0x8 c:/program files (x86)/atmel/studio/7.0/toolchain/arm/arm-gnu-toolchain/bin/../lib/gcc/arm-none-eabi/6.3.1/thumb/v6-m/crtn.o
                0x00008d34                . = ALIGN (0x4)
                0x00008d34                __preinit_array_start = .
 *(.preinit_array)
                0x00008d34                __preinit_array_end = .
                0x00008d34                . = ALIGN (0x4)
                0x00008d34                __init_array_start = .
 *(SORT(.init_array.*))
 .init_array.00000
                0x00008d34        0x4 c:/program files (x86)/atmel/studio/7.0/toolchain/arm/arm-gnu-toolchain/bin/../lib/gcc/arm-none-eabi/6.3.1/../../../../arm-none-eabi/lib/thumb/v6-m\libc.a(lib_a-__call_atexit.o)
 *(.init_array)
 .init_array    0x00008d38        0x4 c:/program files (x86)/atmel/studio/7.0/toolchain/arm/arm-gnu-toolchain/bin/../lib/gcc/arm-none-eabi/6.3.1/thumb/v6-m/crtbegin.o
                0x00008d3c                __init_array_end = .
                0x00008d3c                . = ALIGN (0x4)
 *crtbegin.o(.ctors)
 *(EXCLUDE_FILE(*crtend.o) .ctors)
 *(SORT(.ctors.*))
 *crtend.o(.ctors)
                0x00008d3c                . = ALIGN (0x4)
 *(.fini)
 .fini          0x00008d3c        0x4 c:/program files (x86)/atmel/studio/7.0/toolchain/arm/arm-gnu-toolchain/bin/../lib/gcc/arm-none-eabi/6.3.1/thumb/v6-m/crti.o
                0x00008d3c                _fini
 .fini          0x00008d40        0x8 c:/program files (x86)/atmel/studio/7.0/toolchain/arm/arm-gnu-toolchain/bin/../lib/gcc/arm-none-eabi/6.3.1/thumb/v6-m/crtn.o
                0x00008d48                . = ALIGN (0x4)
                0x00008d48                __fini_array_start = .
 *(.fini_array)
 .fini_array    0x00008d48        0x4 c:/program files (x86)/atmel/studio/7.0/toolchain/arm/arm-gnu-toolchain/bin/../lib/gcc/arm-none-eabi/6.3.1/thumb/v6-m/crtbegin.o
 *(SORT(.fini_array.*))
                0x00008d4c                __fini_array_end = .
 *crtbegin.o(.dtors)
 *(EXCLUDE_FILE(*crtend.o) .dtors)
 *(SORT(.dtors.*))
 *crtend.o(.dtors)
                0x00008d4c                . = ALIGN (0x4)
                0x00008d4c                _efixed = .
                [!provide]                PROVIDE (__exidx_start, .)

.vfp11_veneer   0x00008d4c        0x0
 .vfp11_veneer  0x00008d4c        0x0 linker stubs

.v4_bx          0x00008d4c        0x0
 .v4_bx         0x00008d4c        0x0 linker stubs

.iplt           0x00008d4c        0x0
 .iplt          0x00008d4c        0x0 c:/program files (x86)/atmel/studio/7.0/toolchain/arm/arm-gnu-toolchain/bin/../lib/gcc/arm-none-eabi/6.3.1/thumb/v6-m/crtbegin.o

.ARM.exidx      0x00008d4c        0x8
 *(.ARM.exidx* .gnu.linkonce.armexidx.*)
 .ARM.exidx     0x00008d4c        0x8 c:/program files (x86)/atmel/studio/7.0/toolchain/arm/arm-gnu-toolchain/bin/../lib/gcc/arm-none-eabi/6.3.1/thumb/v6-m\libgcc.a(_udivmoddi4.o)
                [!provide]                PROVIDE (__exidx_end, .)

.eh_frame       0x00008d54        0x0
 .eh_frame      0x00008d54        0x0 c:/program files (x86)/atmel/studio/7.0/toolchain/arm/arm-gnu-toolchain/bin/../lib/gcc/arm-none-eabi/6.3.1/thumb/v6-m/crtbegin.o

.rel.dyn        0x00008d54        0x0
 .rel.iplt      0x00008d54        0x0 c:/program files (x86)/atmel/studio/7.0/toolchain/arm/arm-gnu-toolchain/bin/../lib/gcc/arm-none-eabi/6.3.1/thumb/v6-m/crtbegin.o

.jcr            0x00008d54        0x0
 .jcr           0x00008d54        0x0 c:/program files (x86)/atmel/studio/7.0/toolchain/arm/arm-gnu-toolchain/bin/../lib/gcc/arm-none-eabi/6.3.1/thumb/v6-m/crtbegin.o

.igot.plt       0x00008d54        0x0
 .igot.plt      0x00008d54        0x0 c:/program files (x86)/atmel/studio/7.0/toolchain/arm/arm-gnu-toolchain/bin/../lib/gcc/arm-none-eabi/6.3.1/thumb/v6-m/crtbegin.o
                0x00008d54                . = ALIGN (0x4)
                0x00008d54                _etext = .

.relocate       0x20000000      0x9c0 load address 0x00008d54
                0x20000000                . = ALIGN (0x4)
                0x20000000                _srelocate = .
 *(.ramfunc .ramfunc.*)
 *(.data .data.*)
 .data.g_interrupt_enabled
                0x20000000        0x1 src/ASF/common/utils/interrupt/interrupt_sam_nvic.o
                0x20000000                g_interrupt_enabled
 *fill*         0x20000001        0x3 
 .data.gridChars
                0x20000004       0x10 src/main.o
                0x20000004                gridChars
 .data._impure_ptr
                0x20000014        0x4 c:/program files (x86)/atmel/studio/7.0/toolchain/arm/arm-gnu-toolchain/bin/../lib/gcc/arm-none-eabi/6.3.1/../../../../arm-none-eabi/lib/thumb/v6-m\libc.a(lib_a-impure.o)
                0x20000014                _impure_ptr
 .data.impure_data
                0x20000018      0x428 c:/program files (x86)/atmel/studio/7.0/toolchain/arm/arm-gnu-toolchain/bin/../lib/gcc/arm-none-eabi/6.3.1/../../../../arm-none-eabi/lib/thumb/v6-m\libc.a(lib_a-impure.o)
 .data.__atexit_recursive_mutex
                0x20000440        0x4 c:/program files (x86)/atmel/studio/7.0/toolchain/arm/arm-gnu-toolchain/bin/../lib/gcc/arm-none-eabi/6.3.1/../../../../arm-none-eabi/lib/thumb/v6-m\libc.a(lib_a-__call_atexit.o)
                0x20000440                __atexit_recursive_mutex
 .data.__malloc_av_
                0x20000444      0x408 c:/program files (x86)/atmel/studio/7.0/toolchain/arm/arm-gnu-toolchain/bin/../lib/gcc/arm-none-eabi/6.3.1/../../../../arm-none-eabi/lib/thumb/v6-m\libc.a(lib_a-mallocr.o)
                0x20000444                __malloc_av_
 .data.__malloc_sbrk_base
                0x2000084c        0x4 c:/program files (x86)/atmel/studio/7.0/toolchain/arm/arm-gnu-toolchain/bin/../lib/gcc/arm-none-eabi/6.3.1/../../../../arm-none-eabi/lib/thumb/v6-m\libc.a(lib_a-mallocr.o)
                0x2000084c                __malloc_sbrk_base
 .data.__malloc_trim_threshold
                0x20000850        0x4 c:/program files (x86)/atmel/studio/7.0/toolchain/arm/arm-gnu-toolchain/bin/../lib/gcc/arm-none-eabi/6.3.1/../../../../arm-none-eabi/lib/thumb/v6-m\libc.a(lib_a-mallocr.o)
                0x20000850                __malloc_trim_threshold
 .data.__global_locale
                0x20000854      0x16c c:/program files (x86)/atmel/studio/7.0/toolchain/arm/arm-gnu-toolchain/bin/../lib/gcc/arm-none-eabi/6.3.1/../../../../arm-none-eabi/lib/thumb/v6-m\libc.a(lib_a-locale.o)
                0x20000854                __global_locale
                0x200009c0                . = ALIGN (0x4)
                0x200009c0                _erelocate = .

.bss            0x200009c0      0x5a8 load address 0x00009720
                0x200009c0                . = ALIGN (0x4)
                0x200009c0                _sbss = .
                0x200009c0                _szero = .
 *(.bss .bss.*)
 .bss           0x200009c0       0x1c c:/program files (x86)/atmel/studio/7.0/toolchain/arm/arm-gnu-toolchain/bin/../lib/gcc/arm-none-eabi/6.3.1/thumb/v6-m/crtbegin.o
 .bss._dma_active_resource
                0x200009dc       0x14 src/ASF/sam0/drivers/dma/dma.o
 .bss._write_back_section
                0x200009f0       0x50 src/ASF/sam0/drivers/dma/dma.o
 .bss._nvm_dev  0x20000a40        0x6 src/ASF/sam0/drivers/nvm/nvm.o
 *fill*         0x20000a46        0x2 
 .bss.ctr       0x20000a48        0x4 src/drivers/i2c_comms.o
                0x20000a48                ctr
 .bss._eeprom_instance
                0x20000a4c       0xcc src/ASF/sam0/services/eeprom/emulator/main_array/eeprom.o
 .bss.cpu_irq_critical_section_counter
                0x20000b18        0x4 src/ASF/common/utils/interrupt/interrupt_sam_nvic.o
 .bss.cpu_irq_prev_interrupt_state
                0x20000b1c        0x1 src/ASF/common/utils/interrupt/interrupt_sam_nvic.o
 *fill*         0x20000b1d        0x3 
 .bss._sercom_config
                0x20000b20        0x2 src/ASF/sam0/drivers/sercom/sercom.o
 *fill*         0x20000b22        0x2 
 .bss._system_clock_inst
                0x20000b24       0x18 src/ASF/sam0/drivers/system/clock/clock_samd21_r21_da_ha1/clock.o
 .bss.heap.5296
                0x20000b3c        0x4 src/ASF/sam0/utils/syscalls/gcc/syscalls.o
 .bss.bShouldFlashNewFirmware
                0x20000b40        0x1 src/main.o
                0x20000b40                bShouldFlashNewFirmware
 *fill*         0x20000b41        0x3 
 .bss.__malloc_current_mallinfo
                0x20000b44       0x28 c:/program files (x86)/atmel/studio/7.0/toolchain/arm/arm-gnu-toolchain/bin/../lib/gcc/arm-none-eabi/6.3.1/../../../../arm-none-eabi/lib/thumb/v6-m\libc.a(lib_a-mallocr.o)
                0x20000b44                __malloc_current_mallinfo
 .bss.__malloc_max_sbrked_mem
                0x20000b6c        0x4 c:/program files (x86)/atmel/studio/7.0/toolchain/arm/arm-gnu-toolchain/bin/../lib/gcc/arm-none-eabi/6.3.1/../../../../arm-none-eabi/lib/thumb/v6-m\libc.a(lib_a-mallocr.o)
                0x20000b6c                __malloc_max_sbrked_mem
 .bss.__malloc_max_total_mem
                0x20000b70        0x4 c:/program files (x86)/atmel/studio/7.0/toolchain/arm/arm-gnu-toolchain/bin/../lib/gcc/arm-none-eabi/6.3.1/../../../../arm-none-eabi/lib/thumb/v6-m\libc.a(lib_a-mallocr.o)
                0x20000b70                __malloc_max_total_mem
 .bss.__malloc_top_pad
                0x20000b74        0x4 c:/program files (x86)/atmel/studio/7.0/toolchain/arm/arm-gnu-toolchain/bin/../lib/gcc/arm-none-eabi/6.3.1/../../../../arm-none-eabi/lib/thumb/v6-m\libc.a(lib_a-mallocr.o)
                0x20000b74                __malloc_top_pad
 *(COMMON)
 *fill*         0x20000b78        0x8 
 COMMON         0x20000b80       0x50 src/ASF/sam0/drivers/dma/dma.o
                0x20000b80                descriptor_section
 COMMON         0x20000bd0      0x118 src/devices/br24.o
                0x20000bd0                br24
                0x20000bdc                br24_buffer
                0x20000cdc                debug_mod
 COMMON         0x20000ce8      0x118 src/drivers/i2c_comms.o
                0x20000ce8                comms_pkt
                0x20000cf4                i2c_master_buff
                0x20000df4                i2c_mod
 COMMON         0x20000e00      0x101 src/drivers/pusart.o
                0x20000e00                pprint_buffer
                0x20000f00                debug_rx_buffer
 *fill*         0x20000f01        0x3 
 COMMON         0x20000f04       0x3c src/main.o
                0x20000f04                page_data_buffer
 COMMON         0x20000f40       0x21 c:/program files (x86)/atmel/studio/7.0/toolchain/arm/arm-gnu-toolchain/bin/../lib/gcc/arm-none-eabi/6.3.1/../../../../arm-none-eabi/lib/thumb/v6-m\libc.a(lib_a-lock.o)
                0x20000f40                __lock___atexit_recursive_mutex
                0x20000f44                __lock___arc4random_mutex
                0x20000f48                __lock___env_recursive_mutex
                0x20000f4c                __lock___sinit_recursive_mutex
                0x20000f50                __lock___malloc_recursive_mutex
                0x20000f54                __lock___at_quick_exit_mutex
                0x20000f58                __lock___dd_hash_mutex
                0x20000f5c                __lock___tz_mutex
                0x20000f60                __lock___sfp_recursive_mutex
 *fill*         0x20000f61        0x3 
 COMMON         0x20000f64        0x4 c:/program files (x86)/atmel/studio/7.0/toolchain/arm/arm-gnu-toolchain/bin/../lib/gcc/arm-none-eabi/6.3.1/../../../../arm-none-eabi/lib/thumb/v6-m\libc.a(lib_a-reent.o)
                0x20000f64                errno
                0x20000f68                . = ALIGN (0x4)
                0x20000f68                _ebss = .
                0x20000f68                _ezero = .

.stack          0x20000f68     0x2000 load address 0x00009cc8
                0x20000f68                . = ALIGN (0x8)
                0x20000f68                _sstack = .
                0x20002f68                . = (. + STACK_SIZE)
 *fill*         0x20000f68     0x2000 
                0x20002f68                . = ALIGN (0x8)
                0x20002f68                _estack = .
                0x20002f68                . = ALIGN (0x4)
                0x20002f68                _end = .
OUTPUT(D21_TEST_BOOTLOADER.elf elf32-littlearm)

.ARM.attributes
                0x00000000       0x28
 .ARM.attributes
                0x00000000       0x1e c:/program files (x86)/atmel/studio/7.0/toolchain/arm/arm-gnu-toolchain/bin/../lib/gcc/arm-none-eabi/6.3.1/thumb/v6-m/crti.o
 .ARM.attributes
                0x0000001e       0x2c c:/program files (x86)/atmel/studio/7.0/toolchain/arm/arm-gnu-toolchain/bin/../lib/gcc/arm-none-eabi/6.3.1/thumb/v6-m/crtbegin.o
 .ARM.attributes
                0x0000004a       0x32 src/ASF/sam0/drivers/dma/dma.o
 .ARM.attributes
                0x0000007c       0x32 src/ASF/sam0/drivers/nvm/nvm.o
 .ARM.attributes
                0x000000ae       0x32 src/ASF/sam0/drivers/sercom/i2c/i2c_sam0/i2c_master.o
 .ARM.attributes
                0x000000e0       0x32 src/devices/br24.o
 .ARM.attributes
                0x00000112       0x32 src/drivers/i2c_comms.o
 .ARM.attributes
                0x00000144       0x32 src/ASF/sam0/services/eeprom/emulator/main_array/eeprom.o
 .ARM.attributes
                0x00000176       0x32 src/drivers/pusart.o
 .ARM.attributes
                0x000001a8       0x32 src/ASF/common/utils/interrupt/interrupt_sam_nvic.o
 .ARM.attributes
                0x000001da       0x32 src/ASF/sam0/boards/samd21_xplained_pro/board_init.o
 .ARM.attributes
                0x0000020c       0x32 src/ASF/sam0/drivers/port/port.o
 .ARM.attributes
                0x0000023e       0x32 src/ASF/sam0/drivers/sercom/sercom.o
 .ARM.attributes
                0x00000270       0x32 src/ASF/sam0/drivers/sercom/usart/usart.o
 .ARM.attributes
                0x000002a2       0x32 src/ASF/sam0/drivers/system/clock/clock_samd21_r21_da_ha1/clock.o
 .ARM.attributes
                0x000002d4       0x32 src/ASF/sam0/drivers/system/clock/clock_samd21_r21_da_ha1/gclk.o
 .ARM.attributes
                0x00000306       0x32 src/ASF/sam0/drivers/system/pinmux/pinmux.o
 .ARM.attributes
                0x00000338       0x32 src/ASF/sam0/drivers/system/system.o
 .ARM.attributes
                0x0000036a       0x32 src/ASF/sam0/utils/cmsis/samd21/source/gcc/startup_samd21.o
 .ARM.attributes
                0x0000039c       0x32 src/ASF/sam0/utils/syscalls/gcc/syscalls.o
 .ARM.attributes
                0x000003ce       0x32 src/main.o
 .ARM.attributes
                0x00000400       0x1e c:/program files (x86)/atmel/studio/7.0/toolchain/arm/arm-gnu-toolchain/bin/../lib/gcc/arm-none-eabi/6.3.1/thumb/v6-m\libgcc.a(_udivsi3.o)
 .ARM.attributes
                0x0000041e       0x1e c:/program files (x86)/atmel/studio/7.0/toolchain/arm/arm-gnu-toolchain/bin/../lib/gcc/arm-none-eabi/6.3.1/thumb/v6-m\libgcc.a(_dvmd_tls.o)
 .ARM.attributes
                0x0000043c       0x2c c:/program files (x86)/atmel/studio/7.0/toolchain/arm/arm-gnu-toolchain/bin/../lib/gcc/arm-none-eabi/6.3.1/thumb/v6-m\libgcc.a(_muldi3.o)
 .ARM.attributes
                0x00000468       0x2c c:/program files (x86)/atmel/studio/7.0/toolchain/arm/arm-gnu-toolchain/bin/../lib/gcc/arm-none-eabi/6.3.1/thumb/v6-m\libgcc.a(adddf3.o)
 .ARM.attributes
                0x00000494       0x2c c:/program files (x86)/atmel/studio/7.0/toolchain/arm/arm-gnu-toolchain/bin/../lib/gcc/arm-none-eabi/6.3.1/thumb/v6-m\libgcc.a(divdf3.o)
 .ARM.attributes
                0x000004c0       0x2c c:/program files (x86)/atmel/studio/7.0/toolchain/arm/arm-gnu-toolchain/bin/../lib/gcc/arm-none-eabi/6.3.1/thumb/v6-m\libgcc.a(muldf3.o)
 .ARM.attributes
                0x000004ec       0x2c c:/program files (x86)/atmel/studio/7.0/toolchain/arm/arm-gnu-toolchain/bin/../lib/gcc/arm-none-eabi/6.3.1/thumb/v6-m\libgcc.a(subdf3.o)
 .ARM.attributes
                0x00000518       0x2c c:/program files (x86)/atmel/studio/7.0/toolchain/arm/arm-gnu-toolchain/bin/../lib/gcc/arm-none-eabi/6.3.1/thumb/v6-m\libgcc.a(fixdfsi.o)
 .ARM.attributes
                0x00000544       0x2c c:/program files (x86)/atmel/studio/7.0/toolchain/arm/arm-gnu-toolchain/bin/../lib/gcc/arm-none-eabi/6.3.1/thumb/v6-m\libgcc.a(floatunsidf.o)
 .ARM.attributes
                0x00000570       0x1e c:/program files (x86)/atmel/studio/7.0/toolchain/arm/arm-gnu-toolchain/bin/../lib/gcc/arm-none-eabi/6.3.1/thumb/v6-m\libgcc.a(_clzsi2.o)
 .ARM.attributes
                0x0000058e       0x2c c:/program files (x86)/atmel/studio/7.0/toolchain/arm/arm-gnu-toolchain/bin/../lib/gcc/arm-none-eabi/6.3.1/../../../../arm-none-eabi/lib/thumb/v6-m\libc.a(lib_a-impure.o)
 .ARM.attributes
                0x000005ba       0x2c c:/program files (x86)/atmel/studio/7.0/toolchain/arm/arm-gnu-toolchain/bin/../lib/gcc/arm-none-eabi/6.3.1/../../../../arm-none-eabi/lib/thumb/v6-m\libc.a(lib_a-init.o)
 .ARM.attributes
                0x000005e6       0x2c c:/program files (x86)/atmel/studio/7.0/toolchain/arm/arm-gnu-toolchain/bin/../lib/gcc/arm-none-eabi/6.3.1/../../../../arm-none-eabi/lib/thumb/v6-m\libc.a(lib_a-memcpy-stub.o)
 .ARM.attributes
                0x00000612       0x2c c:/program files (x86)/atmel/studio/7.0/toolchain/arm/arm-gnu-toolchain/bin/../lib/gcc/arm-none-eabi/6.3.1/../../../../arm-none-eabi/lib/thumb/v6-m\libc.a(lib_a-memset.o)
 .ARM.attributes
                0x0000063e       0x2c c:/program files (x86)/atmel/studio/7.0/toolchain/arm/arm-gnu-toolchain/bin/../lib/gcc/arm-none-eabi/6.3.1/../../../../arm-none-eabi/lib/thumb/v6-m\libc.a(lib_a-strlen-stub.o)
 .ARM.attributes
                0x0000066a       0x2c c:/program files (x86)/atmel/studio/7.0/toolchain/arm/arm-gnu-toolchain/bin/../lib/gcc/arm-none-eabi/6.3.1/../../../../arm-none-eabi/lib/thumb/v6-m\libc.a(lib_a-vsprintf.o)
 .ARM.attributes
                0x00000696       0x2c c:/program files (x86)/atmel/studio/7.0/toolchain/arm/arm-gnu-toolchain/bin/../lib/gcc/arm-none-eabi/6.3.1/../../../../arm-none-eabi/lib/thumb/v6-m\libc.a(lib_a-__call_atexit.o)
 .ARM.attributes
                0x000006c2       0x2c c:/program files (x86)/atmel/studio/7.0/toolchain/arm/arm-gnu-toolchain/bin/../lib/gcc/arm-none-eabi/6.3.1/../../../../arm-none-eabi/lib/thumb/v6-m\libc.a(lib_a-atexit.o)
 .ARM.attributes
                0x000006ee       0x2c c:/program files (x86)/atmel/studio/7.0/toolchain/arm/arm-gnu-toolchain/bin/../lib/gcc/arm-none-eabi/6.3.1/../../../../arm-none-eabi/lib/thumb/v6-m\libc.a(lib_a-fini.o)
 .ARM.attributes
                0x0000071a       0x2c c:/program files (x86)/atmel/studio/7.0/toolchain/arm/arm-gnu-toolchain/bin/../lib/gcc/arm-none-eabi/6.3.1/../../../../arm-none-eabi/lib/thumb/v6-m\libc.a(lib_a-lock.o)
 .ARM.attributes
                0x00000746       0x2c c:/program files (x86)/atmel/studio/7.0/toolchain/arm/arm-gnu-toolchain/bin/../lib/gcc/arm-none-eabi/6.3.1/../../../../arm-none-eabi/lib/thumb/v6-m\libc.a(lib_a-svfprintf.o)
 .ARM.attributes
                0x00000772       0x2c c:/program files (x86)/atmel/studio/7.0/toolchain/arm/arm-gnu-toolchain/bin/../lib/gcc/arm-none-eabi/6.3.1/../../../../arm-none-eabi/lib/thumb/v6-m\libc.a(lib_a-__atexit.o)
 .ARM.attributes
                0x0000079e       0x2c c:/program files (x86)/atmel/studio/7.0/toolchain/arm/arm-gnu-toolchain/bin/../lib/gcc/arm-none-eabi/6.3.1/../../../../arm-none-eabi/lib/thumb/v6-m\libc.a(lib_a-dtoa.o)
 .ARM.attributes
                0x000007ca       0x2c c:/program files (x86)/atmel/studio/7.0/toolchain/arm/arm-gnu-toolchain/bin/../lib/gcc/arm-none-eabi/6.3.1/../../../../arm-none-eabi/lib/thumb/v6-m\libc.a(lib_a-localeconv.o)
 .ARM.attributes
                0x000007f6       0x2c c:/program files (x86)/atmel/studio/7.0/toolchain/arm/arm-gnu-toolchain/bin/../lib/gcc/arm-none-eabi/6.3.1/../../../../arm-none-eabi/lib/thumb/v6-m\libc.a(lib_a-mallocr.o)
 .ARM.attributes
                0x00000822       0x2c c:/program files (x86)/atmel/studio/7.0/toolchain/arm/arm-gnu-toolchain/bin/../lib/gcc/arm-none-eabi/6.3.1/../../../../arm-none-eabi/lib/thumb/v6-m\libc.a(lib_a-memchr-stub.o)
 .ARM.attributes
                0x0000084e       0x2c c:/program files (x86)/atmel/studio/7.0/toolchain/arm/arm-gnu-toolchain/bin/../lib/gcc/arm-none-eabi/6.3.1/../../../../arm-none-eabi/lib/thumb/v6-m\libc.a(lib_a-mlock.o)
 .ARM.attributes
                0x0000087a       0x2c c:/program files (x86)/atmel/studio/7.0/toolchain/arm/arm-gnu-toolchain/bin/../lib/gcc/arm-none-eabi/6.3.1/../../../../arm-none-eabi/lib/thumb/v6-m\libc.a(lib_a-mprec.o)
 .ARM.attributes
                0x000008a6       0x2c c:/program files (x86)/atmel/studio/7.0/toolchain/arm/arm-gnu-toolchain/bin/../lib/gcc/arm-none-eabi/6.3.1/../../../../arm-none-eabi/lib/thumb/v6-m\libc.a(lib_a-sbrkr.o)
 .ARM.attributes
                0x000008d2       0x2c c:/program files (x86)/atmel/studio/7.0/toolchain/arm/arm-gnu-toolchain/bin/../lib/gcc/arm-none-eabi/6.3.1/../../../../arm-none-eabi/lib/thumb/v6-m\libc.a(lib_a-svfiprintf.o)
 .ARM.attributes
                0x000008fe       0x2c c:/program files (x86)/atmel/studio/7.0/toolchain/arm/arm-gnu-toolchain/bin/../lib/gcc/arm-none-eabi/6.3.1/../../../../arm-none-eabi/lib/thumb/v6-m\libc.a(lib_a-callocr.o)
 .ARM.attributes
                0x0000092a       0x2c c:/program files (x86)/atmel/studio/7.0/toolchain/arm/arm-gnu-toolchain/bin/../lib/gcc/arm-none-eabi/6.3.1/../../../../arm-none-eabi/lib/thumb/v6-m\libc.a(lib_a-freer.o)
 .ARM.attributes
                0x00000956       0x2c c:/program files (x86)/atmel/studio/7.0/toolchain/arm/arm-gnu-toolchain/bin/../lib/gcc/arm-none-eabi/6.3.1/../../../../arm-none-eabi/lib/thumb/v6-m\libc.a(lib_a-locale.o)
 .ARM.attributes
                0x00000982       0x2c c:/program files (x86)/atmel/studio/7.0/toolchain/arm/arm-gnu-toolchain/bin/../lib/gcc/arm-none-eabi/6.3.1/../../../../arm-none-eabi/lib/thumb/v6-m\libc.a(lib_a-mbtowc_r.o)
 .ARM.attributes
                0x000009ae       0x2c c:/program files (x86)/atmel/studio/7.0/toolchain/arm/arm-gnu-toolchain/bin/../lib/gcc/arm-none-eabi/6.3.1/../../../../arm-none-eabi/lib/thumb/v6-m\libc.a(lib_a-memmove.o)
 .ARM.attributes
                0x000009da       0x2c c:/program files (x86)/atmel/studio/7.0/toolchain/arm/arm-gnu-toolchain/bin/../lib/gcc/arm-none-eabi/6.3.1/../../../../arm-none-eabi/lib/thumb/v6-m\libc.a(lib_a-reallocr.o)
 .ARM.attributes
                0x00000a06       0x2c c:/program files (x86)/atmel/studio/7.0/toolchain/arm/arm-gnu-toolchain/bin/../lib/gcc/arm-none-eabi/6.3.1/../../../../arm-none-eabi/lib/thumb/v6-m\libc.a(lib_a-reent.o)
 .ARM.attributes
                0x00000a32       0x2c c:/program files (x86)/atmel/studio/7.0/toolchain/arm/arm-gnu-toolchain/bin/../lib/gcc/arm-none-eabi/6.3.1/../../../../arm-none-eabi/lib/thumb/v6-m\libc.a(lib_a-wctomb_r.o)
 .ARM.attributes
                0x00000a5e       0x2c c:/program files (x86)/atmel/studio/7.0/toolchain/arm/arm-gnu-toolchain/bin/../lib/gcc/arm-none-eabi/6.3.1/../../../../arm-none-eabi/lib/thumb/v6-m\libc.a(lib_a-ctype_.o)
 .ARM.attributes
                0x00000a8a       0x1e c:/program files (x86)/atmel/studio/7.0/toolchain/arm/arm-gnu-toolchain/bin/../lib/gcc/arm-none-eabi/6.3.1/thumb/v6-m\libgcc.a(_divsi3.o)
 .ARM.attributes
                0x00000aa8       0x1e c:/program files (x86)/atmel/studio/7.0/toolchain/arm/arm-gnu-toolchain/bin/../lib/gcc/arm-none-eabi/6.3.1/thumb/v6-m\libgcc.a(_arm_cmpdf2.o)
 .ARM.attributes
                0x00000ac6       0x1e c:/program files (x86)/atmel/studio/7.0/toolchain/arm/arm-gnu-toolchain/bin/../lib/gcc/arm-none-eabi/6.3.1/thumb/v6-m\libgcc.a(_aeabi_uldivmod.o)
 .ARM.attributes
                0x00000ae4       0x2c c:/program files (x86)/atmel/studio/7.0/toolchain/arm/arm-gnu-toolchain/bin/../lib/gcc/arm-none-eabi/6.3.1/thumb/v6-m\libgcc.a(_udivmoddi4.o)
 .ARM.attributes
                0x00000b10       0x2c c:/program files (x86)/atmel/studio/7.0/toolchain/arm/arm-gnu-toolchain/bin/../lib/gcc/arm-none-eabi/6.3.1/thumb/v6-m\libgcc.a(eqdf2.o)
 .ARM.attributes
                0x00000b3c       0x2c c:/program files (x86)/atmel/studio/7.0/toolchain/arm/arm-gnu-toolchain/bin/../lib/gcc/arm-none-eabi/6.3.1/thumb/v6-m\libgcc.a(gedf2.o)
 .ARM.attributes
                0x00000b68       0x2c c:/program files (x86)/atmel/studio/7.0/toolchain/arm/arm-gnu-toolchain/bin/../lib/gcc/arm-none-eabi/6.3.1/thumb/v6-m\libgcc.a(ledf2.o)
 .ARM.attributes
                0x00000b94       0x2c c:/program files (x86)/atmel/studio/7.0/toolchain/arm/arm-gnu-toolchain/bin/../lib/gcc/arm-none-eabi/6.3.1/thumb/v6-m\libgcc.a(unorddf2.o)
 .ARM.attributes
                0x00000bc0       0x2c c:/program files (x86)/atmel/studio/7.0/toolchain/arm/arm-gnu-toolchain/bin/../lib/gcc/arm-none-eabi/6.3.1/thumb/v6-m\libgcc.a(floatsidf.o)
 .ARM.attributes
                0x00000bec       0x1e c:/program files (x86)/atmel/studio/7.0/toolchain/arm/arm-gnu-toolchain/bin/../lib/gcc/arm-none-eabi/6.3.1/thumb/v6-m\libgcc.a(_clzdi2.o)
 .ARM.attributes
                0x00000c0a       0x1e c:/program files (x86)/atmel/studio/7.0/toolchain/arm/arm-gnu-toolchain/bin/../lib/gcc/arm-none-eabi/6.3.1/thumb/v6-m/crtn.o

.comment        0x00000000       0x59
 .comment       0x00000000       0x59 src/ASF/sam0/drivers/dma/dma.o
                                 0x5a (size before relaxing)
 .comment       0x00000059       0x5a src/ASF/sam0/drivers/nvm/nvm.o
 .comment       0x00000059       0x5a src/ASF/sam0/drivers/sercom/i2c/i2c_sam0/i2c_master.o
 .comment       0x00000059       0x5a src/devices/br24.o
 .comment       0x00000059       0x5a src/drivers/i2c_comms.o
 .comment       0x00000059       0x5a src/ASF/sam0/services/eeprom/emulator/main_array/eeprom.o
 .comment       0x00000059       0x5a src/drivers/pusart.o
 .comment       0x00000059       0x5a src/ASF/common/utils/interrupt/interrupt_sam_nvic.o
 .comment       0x00000059       0x5a src/ASF/sam0/boards/samd21_xplained_pro/board_init.o
 .comment       0x00000059       0x5a src/ASF/sam0/drivers/port/port.o
 .comment       0x00000059       0x5a src/ASF/sam0/drivers/sercom/sercom.o
 .comment       0x00000059       0x5a src/ASF/sam0/drivers/sercom/usart/usart.o
 .comment       0x00000059       0x5a src/ASF/sam0/drivers/system/clock/clock_samd21_r21_da_ha1/clock.o
 .comment       0x00000059       0x5a src/ASF/sam0/drivers/system/clock/clock_samd21_r21_da_ha1/gclk.o
 .comment       0x00000059       0x5a src/ASF/sam0/drivers/system/pinmux/pinmux.o
 .comment       0x00000059       0x5a src/ASF/sam0/drivers/system/system.o
 .comment       0x00000059       0x5a src/ASF/sam0/utils/cmsis/samd21/source/gcc/startup_samd21.o
 .comment       0x00000059       0x5a src/ASF/sam0/utils/syscalls/gcc/syscalls.o
 .comment       0x00000059       0x5a src/main.o

.debug_info     0x00000000    0x2f499
 .debug_info    0x00000000     0x356b src/ASF/sam0/drivers/dma/dma.o
 .debug_info    0x0000356b     0x262e src/ASF/sam0/drivers/nvm/nvm.o
 .debug_info    0x00005b99     0x4bb9 src/ASF/sam0/drivers/sercom/i2c/i2c_sam0/i2c_master.o
 .debug_info    0x0000a752     0x2eb7 src/devices/br24.o
 .debug_info    0x0000d609     0x3463 src/drivers/i2c_comms.o
 .debug_info    0x00010a6c     0x203f src/ASF/sam0/services/eeprom/emulator/main_array/eeprom.o
 .debug_info    0x00012aab     0x32e2 src/drivers/pusart.o
 .debug_info    0x00015d8d      0xb07 src/ASF/common/utils/interrupt/interrupt_sam_nvic.o
 .debug_info    0x00016894     0x12ad src/ASF/sam0/boards/samd21_xplained_pro/board_init.o
 .debug_info    0x00017b41     0x12b6 src/ASF/sam0/drivers/port/port.o
 .debug_info    0x00018df7     0x2ddf src/ASF/sam0/drivers/sercom/sercom.o
 .debug_info    0x0001bbd6     0x4937 src/ASF/sam0/drivers/sercom/usart/usart.o
 .debug_info    0x0002050d     0x38ae src/ASF/sam0/drivers/system/clock/clock_samd21_r21_da_ha1/clock.o
 .debug_info    0x00023dbb     0x1ec7 src/ASF/sam0/drivers/system/clock/clock_samd21_r21_da_ha1/gclk.o
 .debug_info    0x00025c82     0x13f3 src/ASF/sam0/drivers/system/pinmux/pinmux.o
 .debug_info    0x00027075      0xa73 src/ASF/sam0/drivers/system/system.o
 .debug_info    0x00027ae8     0x3a3f src/ASF/sam0/utils/cmsis/samd21/source/gcc/startup_samd21.o
 .debug_info    0x0002b527      0xd98 src/ASF/sam0/utils/syscalls/gcc/syscalls.o
 .debug_info    0x0002c2bf     0x31da src/main.o

.debug_abbrev   0x00000000     0x41dd
 .debug_abbrev  0x00000000      0x4a9 src/ASF/sam0/drivers/dma/dma.o
 .debug_abbrev  0x000004a9      0x491 src/ASF/sam0/drivers/nvm/nvm.o
 .debug_abbrev  0x0000093a      0x4f4 src/ASF/sam0/drivers/sercom/i2c/i2c_sam0/i2c_master.o
 .debug_abbrev  0x00000e2e      0x2b2 src/devices/br24.o
 .debug_abbrev  0x000010e0      0x37d src/drivers/i2c_comms.o
 .debug_abbrev  0x0000145d      0x4c1 src/ASF/sam0/services/eeprom/emulator/main_array/eeprom.o
 .debug_abbrev  0x0000191e      0x367 src/drivers/pusart.o
 .debug_abbrev  0x00001c85      0x22c src/ASF/common/utils/interrupt/interrupt_sam_nvic.o
 .debug_abbrev  0x00001eb1      0x2dc src/ASF/sam0/boards/samd21_xplained_pro/board_init.o
 .debug_abbrev  0x0000218d      0x298 src/ASF/sam0/drivers/port/port.o
 .debug_abbrev  0x00002425      0x378 src/ASF/sam0/drivers/sercom/sercom.o
 .debug_abbrev  0x0000279d      0x47d src/ASF/sam0/drivers/sercom/usart/usart.o
 .debug_abbrev  0x00002c1a      0x493 src/ASF/sam0/drivers/system/clock/clock_samd21_r21_da_ha1/clock.o
 .debug_abbrev  0x000030ad      0x40d src/ASF/sam0/drivers/system/clock/clock_samd21_r21_da_ha1/gclk.o
 .debug_abbrev  0x000034ba      0x361 src/ASF/sam0/drivers/system/pinmux/pinmux.o
 .debug_abbrev  0x0000381b      0x1e1 src/ASF/sam0/drivers/system/system.o
 .debug_abbrev  0x000039fc      0x234 src/ASF/sam0/utils/cmsis/samd21/source/gcc/startup_samd21.o
 .debug_abbrev  0x00003c30      0x257 src/ASF/sam0/utils/syscalls/gcc/syscalls.o
 .debug_abbrev  0x00003e87      0x356 src/main.o

.debug_loc      0x00000000     0x6c8e
 .debug_loc     0x00000000      0x53a src/ASF/sam0/drivers/dma/dma.o
 .debug_loc     0x0000053a     0x10c4 src/ASF/sam0/drivers/nvm/nvm.o
 .debug_loc     0x000015fe      0xed9 src/ASF/sam0/drivers/sercom/i2c/i2c_sam0/i2c_master.o
 .debug_loc     0x000024d7      0x10e src/devices/br24.o
 .debug_loc     0x000025e5      0x3a2 src/drivers/i2c_comms.o
 .debug_loc     0x00002987      0xe3a src/ASF/sam0/services/eeprom/emulator/main_array/eeprom.o
 .debug_loc     0x000037c1       0xf4 src/drivers/pusart.o
 .debug_loc     0x000038b5       0x8b src/ASF/sam0/boards/samd21_xplained_pro/board_init.o
 .debug_loc     0x00003940      0x13d src/ASF/sam0/drivers/port/port.o
 .debug_loc     0x00003a7d      0x9d5 src/ASF/sam0/drivers/sercom/sercom.o
 .debug_loc     0x00004452      0xdd9 src/ASF/sam0/drivers/sercom/usart/usart.o
 .debug_loc     0x0000522b      0xf03 src/ASF/sam0/drivers/system/clock/clock_samd21_r21_da_ha1/clock.o
 .debug_loc     0x0000612e      0x504 src/ASF/sam0/drivers/system/clock/clock_samd21_r21_da_ha1/gclk.o
 .debug_loc     0x00006632      0x36d src/ASF/sam0/drivers/system/pinmux/pinmux.o
 .debug_loc     0x0000699f       0x20 src/ASF/sam0/drivers/system/system.o
 .debug_loc     0x000069bf       0x40 src/ASF/sam0/utils/cmsis/samd21/source/gcc/startup_samd21.o
 .debug_loc     0x000069ff       0xef src/ASF/sam0/utils/syscalls/gcc/syscalls.o
 .debug_loc     0x00006aee      0x1a0 src/main.o

.debug_aranges  0x00000000      0x578
 .debug_aranges
                0x00000000       0x68 src/ASF/sam0/drivers/dma/dma.o
 .debug_aranges
                0x00000068       0x68 src/ASF/sam0/drivers/nvm/nvm.o
 .debug_aranges
                0x000000d0       0xa0 src/ASF/sam0/drivers/sercom/i2c/i2c_sam0/i2c_master.o
 .debug_aranges
                0x00000170       0x20 src/devices/br24.o
 .debug_aranges
                0x00000190       0x40 src/drivers/i2c_comms.o
 .debug_aranges
                0x000001d0       0x80 src/ASF/sam0/services/eeprom/emulator/main_array/eeprom.o
 .debug_aranges
                0x00000250       0x28 src/drivers/pusart.o
 .debug_aranges
                0x00000278       0x28 src/ASF/common/utils/interrupt/interrupt_sam_nvic.o
 .debug_aranges
                0x000002a0       0x20 src/ASF/sam0/boards/samd21_xplained_pro/board_init.o
 .debug_aranges
                0x000002c0       0x28 src/ASF/sam0/drivers/port/port.o
 .debug_aranges
                0x000002e8       0x48 src/ASF/sam0/drivers/sercom/sercom.o
 .debug_aranges
                0x00000330       0x40 src/ASF/sam0/drivers/sercom/usart/usart.o
 .debug_aranges
                0x00000370       0x78 src/ASF/sam0/drivers/system/clock/clock_samd21_r21_da_ha1/clock.o
 .debug_aranges
                0x000003e8       0x80 src/ASF/sam0/drivers/system/clock/clock_samd21_r21_da_ha1/gclk.o
 .debug_aranges
                0x00000468       0x40 src/ASF/sam0/drivers/system/pinmux/pinmux.o
 .debug_aranges
                0x000004a8       0x28 src/ASF/sam0/drivers/system/system.o
 .debug_aranges
                0x000004d0       0x28 src/ASF/sam0/utils/cmsis/samd21/source/gcc/startup_samd21.o
 .debug_aranges
                0x000004f8       0x60 src/ASF/sam0/utils/syscalls/gcc/syscalls.o
 .debug_aranges
                0x00000558       0x20 src/main.o

.debug_ranges   0x00000000      0x8b8
 .debug_ranges  0x00000000       0x88 src/ASF/sam0/drivers/dma/dma.o
 .debug_ranges  0x00000088      0x118 src/ASF/sam0/drivers/nvm/nvm.o
 .debug_ranges  0x000001a0       0xa8 src/ASF/sam0/drivers/sercom/i2c/i2c_sam0/i2c_master.o
 .debug_ranges  0x00000248       0x10 src/devices/br24.o
 .debug_ranges  0x00000258       0x30 src/drivers/i2c_comms.o
 .debug_ranges  0x00000288      0x230 src/ASF/sam0/services/eeprom/emulator/main_array/eeprom.o
 .debug_ranges  0x000004b8       0x18 src/drivers/pusart.o
 .debug_ranges  0x000004d0       0x18 src/ASF/common/utils/interrupt/interrupt_sam_nvic.o
 .debug_ranges  0x000004e8       0x10 src/ASF/sam0/boards/samd21_xplained_pro/board_init.o
 .debug_ranges  0x000004f8       0x18 src/ASF/sam0/drivers/port/port.o
 .debug_ranges  0x00000510       0x50 src/ASF/sam0/drivers/sercom/sercom.o
 .debug_ranges  0x00000560      0x148 src/ASF/sam0/drivers/sercom/usart/usart.o
 .debug_ranges  0x000006a8       0x68 src/ASF/sam0/drivers/system/clock/clock_samd21_r21_da_ha1/clock.o
 .debug_ranges  0x00000710       0x88 src/ASF/sam0/drivers/system/clock/clock_samd21_r21_da_ha1/gclk.o
 .debug_ranges  0x00000798       0x30 src/ASF/sam0/drivers/system/pinmux/pinmux.o
 .debug_ranges  0x000007c8       0x18 src/ASF/sam0/drivers/system/system.o
 .debug_ranges  0x000007e0       0x18 src/ASF/sam0/utils/cmsis/samd21/source/gcc/startup_samd21.o
 .debug_ranges  0x000007f8       0x50 src/ASF/sam0/utils/syscalls/gcc/syscalls.o
 .debug_ranges  0x00000848       0x70 src/main.o

.debug_macro    0x00000000    0x1bf0d
 .debug_macro   0x00000000      0x58b src/ASF/sam0/drivers/dma/dma.o
 .debug_macro   0x0000058b      0x8bc src/ASF/sam0/drivers/dma/dma.o
 .debug_macro   0x00000e47       0x22 src/ASF/sam0/drivers/dma/dma.o
 .debug_macro   0x00000e69       0x52 src/ASF/sam0/drivers/dma/dma.o
 .debug_macro   0x00000ebb       0x8d src/ASF/sam0/drivers/dma/dma.o
 .debug_macro   0x00000f48       0x35 src/ASF/sam0/drivers/dma/dma.o
 .debug_macro   0x00000f7d       0x9c src/ASF/sam0/drivers/dma/dma.o
 .debug_macro   0x00001019      0x16d src/ASF/sam0/drivers/dma/dma.o
 .debug_macro   0x00001186       0x57 src/ASF/sam0/drivers/dma/dma.o
 .debug_macro   0x000011dd       0x58 src/ASF/sam0/drivers/dma/dma.o
 .debug_macro   0x00001235       0x1f src/ASF/sam0/drivers/dma/dma.o
 .debug_macro   0x00001254       0x43 src/ASF/sam0/drivers/dma/dma.o
 .debug_macro   0x00001297       0x20 src/ASF/sam0/drivers/dma/dma.o
 .debug_macro   0x000012b7      0x187 src/ASF/sam0/drivers/dma/dma.o
 .debug_macro   0x0000143e      0x353 src/ASF/sam0/drivers/dma/dma.o
 .debug_macro   0x00001791       0x10 src/ASF/sam0/drivers/dma/dma.o
 .debug_macro   0x000017a1       0x35 src/ASF/sam0/drivers/dma/dma.o
 .debug_macro   0x000017d6      0x6d7 src/ASF/sam0/drivers/dma/dma.o
 .debug_macro   0x00001ead       0xef src/ASF/sam0/drivers/dma/dma.o
 .debug_macro   0x00001f9c       0x6a src/ASF/sam0/drivers/dma/dma.o
 .debug_macro   0x00002006      0x1df src/ASF/sam0/drivers/dma/dma.o
 .debug_macro   0x000021e5       0x10 src/ASF/sam0/drivers/dma/dma.o
 .debug_macro   0x000021f5       0x76 src/ASF/sam0/drivers/dma/dma.o
 .debug_macro   0x0000226b       0x16 src/ASF/sam0/drivers/dma/dma.o
 .debug_macro   0x00002281      0x6db src/ASF/sam0/drivers/dma/dma.o
 .debug_macro   0x0000295c      0xdd8 src/ASF/sam0/drivers/dma/dma.o
 .debug_macro   0x00003734       0x22 src/ASF/sam0/drivers/dma/dma.o
 .debug_macro   0x00003756       0x40 src/ASF/sam0/drivers/dma/dma.o
 .debug_macro   0x00003796       0x3a src/ASF/sam0/drivers/dma/dma.o
 .debug_macro   0x000037d0       0x1f src/ASF/sam0/drivers/dma/dma.o
 .debug_macro   0x000037ef      0x250 src/ASF/sam0/drivers/dma/dma.o
 .debug_macro   0x00003a3f      0x681 src/ASF/sam0/drivers/dma/dma.o
 .debug_macro   0x000040c0      0x8b5 src/ASF/sam0/drivers/dma/dma.o
 .debug_macro   0x00004975      0x230 src/ASF/sam0/drivers/dma/dma.o
 .debug_macro   0x00004ba5      0xd60 src/ASF/sam0/drivers/dma/dma.o
 .debug_macro   0x00005905      0x4cb src/ASF/sam0/drivers/dma/dma.o
 .debug_macro   0x00005dd0      0x9f8 src/ASF/sam0/drivers/dma/dma.o
 .debug_macro   0x000067c8      0x82b src/ASF/sam0/drivers/dma/dma.o
 .debug_macro   0x00006ff3      0x455 src/ASF/sam0/drivers/dma/dma.o
 .debug_macro   0x00007448       0x5e src/ASF/sam0/drivers/dma/dma.o
 .debug_macro   0x000074a6      0x8fd src/ASF/sam0/drivers/dma/dma.o
 .debug_macro   0x00007da3      0x21c src/ASF/sam0/drivers/dma/dma.o
 .debug_macro   0x00007fbf      0x95b src/ASF/sam0/drivers/dma/dma.o
 .debug_macro   0x0000891a       0x5e src/ASF/sam0/drivers/dma/dma.o
 .debug_macro   0x00008978      0x667 src/ASF/sam0/drivers/dma/dma.o
 .debug_macro   0x00008fdf      0x3af src/ASF/sam0/drivers/dma/dma.o
 .debug_macro   0x0000938e      0xc7a src/ASF/sam0/drivers/dma/dma.o
 .debug_macro   0x0000a008     0x1092 src/ASF/sam0/drivers/dma/dma.o
 .debug_macro   0x0000b09a      0xc4a src/ASF/sam0/drivers/dma/dma.o
 .debug_macro   0x0000bce4      0x6ba src/ASF/sam0/drivers/dma/dma.o
 .debug_macro   0x0000c39e     0x1bbf src/ASF/sam0/drivers/dma/dma.o
 .debug_macro   0x0000df5d     0x1440 src/ASF/sam0/drivers/dma/dma.o
 .debug_macro   0x0000f39d      0x344 src/ASF/sam0/drivers/dma/dma.o
 .debug_macro   0x0000f6e1       0x7c src/ASF/sam0/drivers/dma/dma.o
 .debug_macro   0x0000f75d       0xa0 src/ASF/sam0/drivers/dma/dma.o
 .debug_macro   0x0000f7fd       0x4c src/ASF/sam0/drivers/dma/dma.o
 .debug_macro   0x0000f849       0xca src/ASF/sam0/drivers/dma/dma.o
 .debug_macro   0x0000f913       0x94 src/ASF/sam0/drivers/dma/dma.o
 .debug_macro   0x0000f9a7       0x58 src/ASF/sam0/drivers/dma/dma.o
 .debug_macro   0x0000f9ff      0x37d src/ASF/sam0/drivers/dma/dma.o
 .debug_macro   0x0000fd7c       0x82 src/ASF/sam0/drivers/dma/dma.o
 .debug_macro   0x0000fdfe      0x18d src/ASF/sam0/drivers/dma/dma.o
 .debug_macro   0x0000ff8b       0xb8 src/ASF/sam0/drivers/dma/dma.o
 .debug_macro   0x00010043       0xa0 src/ASF/sam0/drivers/dma/dma.o
 .debug_macro   0x000100e3       0xb8 src/ASF/sam0/drivers/dma/dma.o
 .debug_macro   0x0001019b       0x1c src/ASF/sam0/drivers/dma/dma.o
 .debug_macro   0x000101b7       0x1c src/ASF/sam0/drivers/dma/dma.o
 .debug_macro   0x000101d3       0x1c src/ASF/sam0/drivers/dma/dma.o
 .debug_macro   0x000101ef       0x82 src/ASF/sam0/drivers/dma/dma.o
 .debug_macro   0x00010271      0x15a src/ASF/sam0/drivers/dma/dma.o
 .debug_macro   0x000103cb       0xdc src/ASF/sam0/drivers/dma/dma.o
 .debug_macro   0x000104a7      0x128 src/ASF/sam0/drivers/dma/dma.o
 .debug_macro   0x000105cf      0x128 src/ASF/sam0/drivers/dma/dma.o
 .debug_macro   0x000106f7      0x128 src/ASF/sam0/drivers/dma/dma.o
 .debug_macro   0x0001081f      0x128 src/ASF/sam0/drivers/dma/dma.o
 .debug_macro   0x00010947      0x128 src/ASF/sam0/drivers/dma/dma.o
 .debug_macro   0x00010a6f      0x128 src/ASF/sam0/drivers/dma/dma.o
 .debug_macro   0x00010b97      0x124 src/ASF/sam0/drivers/dma/dma.o
 .debug_macro   0x00010cbb       0xe2 src/ASF/sam0/drivers/dma/dma.o
 .debug_macro   0x00010d9d       0xe2 src/ASF/sam0/drivers/dma/dma.o
 .debug_macro   0x00010e7f       0xe2 src/ASF/sam0/drivers/dma/dma.o
 .debug_macro   0x00010f61       0xe2 src/ASF/sam0/drivers/dma/dma.o
 .debug_macro   0x00011043       0xe2 src/ASF/sam0/drivers/dma/dma.o
 .debug_macro   0x00011125      0x130 src/ASF/sam0/drivers/dma/dma.o
 .debug_macro   0x00011255      0x106 src/ASF/sam0/drivers/dma/dma.o
 .debug_macro   0x0001135b       0xfa src/ASF/sam0/drivers/dma/dma.o
 .debug_macro   0x00011455      0x40f src/ASF/sam0/drivers/dma/dma.o
 .debug_macro   0x00011864       0x40 src/ASF/sam0/drivers/dma/dma.o
 .debug_macro   0x000118a4      0x37d src/ASF/sam0/drivers/dma/dma.o
 .debug_macro   0x00011c21     0x1e52 src/ASF/sam0/drivers/dma/dma.o
 .debug_macro   0x00013a73       0x6d src/ASF/sam0/drivers/dma/dma.o
 .debug_macro   0x00013ae0       0x1c src/ASF/sam0/drivers/dma/dma.o
 .debug_macro   0x00013afc       0x10 src/ASF/sam0/drivers/dma/dma.o
 .debug_macro   0x00013b0c       0x10 src/ASF/sam0/drivers/dma/dma.o
 .debug_macro   0x00013b1c       0x1c src/ASF/sam0/drivers/dma/dma.o
 .debug_macro   0x00013b38       0x52 src/ASF/sam0/drivers/dma/dma.o
 .debug_macro   0x00013b8a       0x40 src/ASF/sam0/drivers/dma/dma.o
 .debug_macro   0x00013bca       0x10 src/ASF/sam0/drivers/dma/dma.o
 .debug_macro   0x00013bda       0x40 src/ASF/sam0/drivers/dma/dma.o
 .debug_macro   0x00013c1a       0xd7 src/ASF/sam0/drivers/dma/dma.o
 .debug_macro   0x00013cf1       0x16 src/ASF/sam0/drivers/dma/dma.o
 .debug_macro   0x00013d07      0x18b src/ASF/sam0/drivers/dma/dma.o
 .debug_macro   0x00013e92       0x16 src/ASF/sam0/drivers/dma/dma.o
 .debug_macro   0x00013ea8       0x16 src/ASF/sam0/drivers/dma/dma.o
 .debug_macro   0x00013ebe       0x29 src/ASF/sam0/drivers/dma/dma.o
 .debug_macro   0x00013ee7       0x51 src/ASF/sam0/drivers/dma/dma.o
 .debug_macro   0x00013f38       0x3e src/ASF/sam0/drivers/dma/dma.o
 .debug_macro   0x00013f76      0x3df src/ASF/sam0/drivers/dma/dma.o
 .debug_macro   0x00014355       0x10 src/ASF/sam0/drivers/dma/dma.o
 .debug_macro   0x00014365       0x11 src/ASF/sam0/drivers/dma/dma.o
 .debug_macro   0x00014376       0x2e src/ASF/sam0/drivers/dma/dma.o
 .debug_macro   0x000143a4      0x5ad src/ASF/sam0/drivers/nvm/nvm.o
 .debug_macro   0x00014951       0x87 src/ASF/sam0/drivers/nvm/nvm.o
 .debug_macro   0x000149d8       0x51 src/ASF/sam0/drivers/nvm/nvm.o
 .debug_macro   0x00014a29       0x58 src/ASF/sam0/drivers/nvm/nvm.o
 .debug_macro   0x00014a81       0x16 src/ASF/sam0/drivers/nvm/nvm.o
 .debug_macro   0x00014a97       0x18 src/ASF/sam0/drivers/nvm/nvm.o
 .debug_macro   0x00014aaf       0x16 src/ASF/sam0/drivers/nvm/nvm.o
 .debug_macro   0x00014ac5       0x16 src/ASF/sam0/drivers/nvm/nvm.o
 .debug_macro   0x00014adb      0x5a5 src/ASF/sam0/drivers/sercom/i2c/i2c_sam0/i2c_master.o
 .debug_macro   0x00015080       0xb2 src/ASF/sam0/drivers/sercom/i2c/i2c_sam0/i2c_master.o
 .debug_macro   0x00015132       0x10 src/ASF/sam0/drivers/sercom/i2c/i2c_sam0/i2c_master.o
 .debug_macro   0x00015142       0x27 src/ASF/sam0/drivers/sercom/i2c/i2c_sam0/i2c_master.o
 .debug_macro   0x00015169      0x654 src/devices/br24.o
 .debug_macro   0x000157bd       0x22 src/devices/br24.o
 .debug_macro   0x000157df       0x10 src/devices/br24.o
 .debug_macro   0x000157ef       0x50 src/devices/br24.o
 .debug_macro   0x0001583f      0x2c3 src/devices/br24.o
 .debug_macro   0x00015b02       0x8e src/devices/br24.o
 .debug_macro   0x00015b90      0x9f4 src/devices/br24.o
 .debug_macro   0x00016584       0x11 src/devices/br24.o
 .debug_macro   0x00016595       0x12 src/devices/br24.o
 .debug_macro   0x000165a7       0x50 src/devices/br24.o
 .debug_macro   0x000165f7       0x10 src/devices/br24.o
 .debug_macro   0x00016607       0x10 src/devices/br24.o
 .debug_macro   0x00016617      0x682 src/drivers/i2c_comms.o
 .debug_macro   0x00016c99       0x10 src/drivers/i2c_comms.o
 .debug_macro   0x00016ca9      0x45d src/drivers/i2c_comms.o
 .debug_macro   0x00017106      0x558 src/ASF/sam0/services/eeprom/emulator/main_array/eeprom.o
 .debug_macro   0x0001765e       0x4a src/ASF/sam0/services/eeprom/emulator/main_array/eeprom.o
 .debug_macro   0x000176a8      0x674 src/drivers/pusart.o
 .debug_macro   0x00017d1c       0x4c src/drivers/pusart.o
 .debug_macro   0x00017d68      0x512 src/ASF/common/utils/interrupt/interrupt_sam_nvic.o
 .debug_macro   0x0001827a      0x54d src/ASF/sam0/boards/samd21_xplained_pro/board_init.o
 .debug_macro   0x000187c7      0x52c src/ASF/sam0/drivers/port/port.o
 .debug_macro   0x00018cf3      0x59f src/ASF/sam0/drivers/sercom/sercom.o
 .debug_macro   0x00019292      0x597 src/ASF/sam0/drivers/sercom/usart/usart.o
 .debug_macro   0x00019829       0x51 src/ASF/sam0/drivers/sercom/usart/usart.o
 .debug_macro   0x0001987a      0x583 src/ASF/sam0/drivers/system/clock/clock_samd21_r21_da_ha1/clock.o
 .debug_macro   0x00019dfd      0x298 src/ASF/sam0/drivers/system/clock/clock_samd21_r21_da_ha1/clock.o
 .debug_macro   0x0001a095      0x548 src/ASF/sam0/drivers/system/clock/clock_samd21_r21_da_ha1/gclk.o
 .debug_macro   0x0001a5dd      0x522 src/ASF/sam0/drivers/system/pinmux/pinmux.o
 .debug_macro   0x0001aaff       0x12 src/ASF/sam0/drivers/system/pinmux/pinmux.o
 .debug_macro   0x0001ab11      0x555 src/ASF/sam0/drivers/system/system.o
 .debug_macro   0x0001b066      0x2f9 src/ASF/sam0/utils/cmsis/samd21/source/gcc/startup_samd21.o
 .debug_macro   0x0001b35f       0x3a src/ASF/sam0/utils/cmsis/samd21/source/gcc/startup_samd21.o
 .debug_macro   0x0001b399      0x1d6 src/ASF/sam0/utils/syscalls/gcc/syscalls.o
 .debug_macro   0x0001b56f       0x97 src/ASF/sam0/utils/syscalls/gcc/syscalls.o
 .debug_macro   0x0001b606       0xf6 src/ASF/sam0/utils/syscalls/gcc/syscalls.o
 .debug_macro   0x0001b6fc       0x16 src/ASF/sam0/utils/syscalls/gcc/syscalls.o
 .debug_macro   0x0001b712       0x10 src/ASF/sam0/utils/syscalls/gcc/syscalls.o
 .debug_macro   0x0001b722       0x10 src/ASF/sam0/utils/syscalls/gcc/syscalls.o
 .debug_macro   0x0001b732       0x35 src/ASF/sam0/utils/syscalls/gcc/syscalls.o
 .debug_macro   0x0001b767      0x122 src/ASF/sam0/utils/syscalls/gcc/syscalls.o
 .debug_macro   0x0001b889      0x684 src/main.o

.debug_line     0x00000000     0xd51b
 .debug_line    0x00000000      0xc7b src/ASF/sam0/drivers/dma/dma.o
 .debug_line    0x00000c7b      0xdfb src/ASF/sam0/drivers/nvm/nvm.o
 .debug_line    0x00001a76      0xdf8 src/ASF/sam0/drivers/sercom/i2c/i2c_sam0/i2c_master.o
 .debug_line    0x0000286e      0xd2b src/devices/br24.o
 .debug_line    0x00003599      0xdd6 src/drivers/i2c_comms.o
 .debug_line    0x0000436f      0xbda src/ASF/sam0/services/eeprom/emulator/main_array/eeprom.o
 .debug_line    0x00004f49      0xd4d src/drivers/pusart.o
 .debug_line    0x00005c96      0x8d7 src/ASF/common/utils/interrupt/interrupt_sam_nvic.o
 .debug_line    0x0000656d      0x97f src/ASF/sam0/boards/samd21_xplained_pro/board_init.o
 .debug_line    0x00006eec      0x904 src/ASF/sam0/drivers/port/port.o
 .debug_line    0x000077f0      0xbdd src/ASF/sam0/drivers/sercom/sercom.o
 .debug_line    0x000083cd      0xd12 src/ASF/sam0/drivers/sercom/usart/usart.o
 .debug_line    0x000090df      0xc8e src/ASF/sam0/drivers/system/clock/clock_samd21_r21_da_ha1/clock.o
 .debug_line    0x00009d6d      0xc80 src/ASF/sam0/drivers/system/clock/clock_samd21_r21_da_ha1/gclk.o
 .debug_line    0x0000a9ed      0x951 src/ASF/sam0/drivers/system/pinmux/pinmux.o
 .debug_line    0x0000b33e      0x9fb src/ASF/sam0/drivers/system/system.o
 .debug_line    0x0000bd39      0x656 src/ASF/sam0/utils/cmsis/samd21/source/gcc/startup_samd21.o
 .debug_line    0x0000c38f      0x409 src/ASF/sam0/utils/syscalls/gcc/syscalls.o
 .debug_line    0x0000c798      0xd83 src/main.o

.debug_str      0x00000000    0x90891
 .debug_str     0x00000000    0x8415f src/ASF/sam0/drivers/dma/dma.o
                              0x84b8b (size before relaxing)
 .debug_str     0x0008415f      0xd6f src/ASF/sam0/drivers/nvm/nvm.o
                              0x84685 (size before relaxing)
 .debug_str     0x00084ece     0x174a src/ASF/sam0/drivers/sercom/i2c/i2c_sam0/i2c_master.o
                              0x84f4b (size before relaxing)
 .debug_str     0x00086618     0x4201 src/devices/br24.o
                              0x88427 (size before relaxing)
 .debug_str     0x0008a819     0x117e src/drivers/i2c_comms.o
                              0x89bca (size before relaxing)
 .debug_str     0x0008b997      0x513 src/ASF/sam0/services/eeprom/emulator/main_array/eeprom.o
                              0x83cf3 (size before relaxing)
 .debug_str     0x0008beaa      0x633 src/drivers/pusart.o
                              0x88ba3 (size before relaxing)
 .debug_str     0x0008c4dd       0x66 src/ASF/common/utils/interrupt/interrupt_sam_nvic.o
                              0x82ebd (size before relaxing)
 .debug_str     0x0008c543      0x301 src/ASF/sam0/boards/samd21_xplained_pro/board_init.o
                              0x86e6e (size before relaxing)
 .debug_str     0x0008c844       0x5e src/ASF/sam0/drivers/port/port.o
                              0x832e9 (size before relaxing)
 .debug_str     0x0008c8a2      0x354 src/ASF/sam0/drivers/sercom/sercom.o
                              0x845b0 (size before relaxing)
 .debug_str     0x0008cbf6       0xd9 src/ASF/sam0/drivers/sercom/usart/usart.o
                              0x85182 (size before relaxing)
 .debug_str     0x0008cccf     0x26a0 src/ASF/sam0/drivers/system/clock/clock_samd21_r21_da_ha1/clock.o
                              0x86090 (size before relaxing)
 .debug_str     0x0008f36f      0x1f2 src/ASF/sam0/drivers/system/clock/clock_samd21_r21_da_ha1/gclk.o
                              0x83b80 (size before relaxing)
 .debug_str     0x0008f561      0x179 src/ASF/sam0/drivers/system/pinmux/pinmux.o
                              0x8335f (size before relaxing)
 .debug_str     0x0008f6da       0x47 src/ASF/sam0/drivers/system/system.o
                              0x82f9a (size before relaxing)
 .debug_str     0x0008f721      0xa41 src/ASF/sam0/utils/cmsis/samd21/source/gcc/startup_samd21.o
                              0x6e3a7 (size before relaxing)
 .debug_str     0x00090162      0x68d src/ASF/sam0/utils/syscalls/gcc/syscalls.o
                               0x73c0 (size before relaxing)
 .debug_str     0x000907ef       0xa2 src/main.o
                              0x887e3 (size before relaxing)

.debug_frame    0x00000000     0x19b0
 .debug_frame   0x00000000      0x110 src/ASF/sam0/drivers/dma/dma.o
 .debug_frame   0x00000110      0x12c src/ASF/sam0/drivers/nvm/nvm.o
 .debug_frame   0x0000023c      0x1e8 src/ASF/sam0/drivers/sercom/i2c/i2c_sam0/i2c_master.o
 .debug_frame   0x00000424       0x38 src/devices/br24.o
 .debug_frame   0x0000045c       0xa8 src/drivers/i2c_comms.o
 .debug_frame   0x00000504      0x1b8 src/ASF/sam0/services/eeprom/emulator/main_array/eeprom.o
 .debug_frame   0x000006bc       0x50 src/drivers/pusart.o
 .debug_frame   0x0000070c       0x30 src/ASF/common/utils/interrupt/interrupt_sam_nvic.o
 .debug_frame   0x0000073c       0x30 src/ASF/sam0/boards/samd21_xplained_pro/board_init.o
 .debug_frame   0x0000076c       0x44 src/ASF/sam0/drivers/port/port.o
 .debug_frame   0x000007b0       0xbc src/ASF/sam0/drivers/sercom/sercom.o
 .debug_frame   0x0000086c       0xac src/ASF/sam0/drivers/sercom/usart/usart.o
 .debug_frame   0x00000918      0x150 src/ASF/sam0/drivers/system/clock/clock_samd21_r21_da_ha1/clock.o
 .debug_frame   0x00000a68      0x148 src/ASF/sam0/drivers/system/clock/clock_samd21_r21_da_ha1/gclk.o
 .debug_frame   0x00000bb0       0x98 src/ASF/sam0/drivers/system/pinmux/pinmux.o
 .debug_frame   0x00000c48       0x38 src/ASF/sam0/drivers/system/system.o
 .debug_frame   0x00000c80       0x40 src/ASF/sam0/utils/cmsis/samd21/source/gcc/startup_samd21.o
 .debug_frame   0x00000cc0       0xa0 src/ASF/sam0/utils/syscalls/gcc/syscalls.o
 .debug_frame   0x00000d60       0x38 src/main.o
 .debug_frame   0x00000d98       0x20 c:/program files (x86)/atmel/studio/7.0/toolchain/arm/arm-gnu-toolchain/bin/../lib/gcc/arm-none-eabi/6.3.1/thumb/v6-m\libgcc.a(_udivsi3.o)
 .debug_frame   0x00000db8       0x34 c:/program files (x86)/atmel/studio/7.0/toolchain/arm/arm-gnu-toolchain/bin/../lib/gcc/arm-none-eabi/6.3.1/thumb/v6-m\libgcc.a(_muldi3.o)
 .debug_frame   0x00000dec       0x3c c:/program files (x86)/atmel/studio/7.0/toolchain/arm/arm-gnu-toolchain/bin/../lib/gcc/arm-none-eabi/6.3.1/thumb/v6-m\libgcc.a(adddf3.o)
 .debug_frame   0x00000e28       0x3c c:/program files (x86)/atmel/studio/7.0/toolchain/arm/arm-gnu-toolchain/bin/../lib/gcc/arm-none-eabi/6.3.1/thumb/v6-m\libgcc.a(divdf3.o)
 .debug_frame   0x00000e64       0x3c c:/program files (x86)/atmel/studio/7.0/toolchain/arm/arm-gnu-toolchain/bin/../lib/gcc/arm-none-eabi/6.3.1/thumb/v6-m\libgcc.a(muldf3.o)
 .debug_frame   0x00000ea0       0x38 c:/program files (x86)/atmel/studio/7.0/toolchain/arm/arm-gnu-toolchain/bin/../lib/gcc/arm-none-eabi/6.3.1/thumb/v6-m\libgcc.a(subdf3.o)
 .debug_frame   0x00000ed8       0x2c c:/program files (x86)/atmel/studio/7.0/toolchain/arm/arm-gnu-toolchain/bin/../lib/gcc/arm-none-eabi/6.3.1/thumb/v6-m\libgcc.a(fixdfsi.o)
 .debug_frame   0x00000f04       0x28 c:/program files (x86)/atmel/studio/7.0/toolchain/arm/arm-gnu-toolchain/bin/../lib/gcc/arm-none-eabi/6.3.1/thumb/v6-m\libgcc.a(floatunsidf.o)
 .debug_frame   0x00000f2c       0x2c c:/program files (x86)/atmel/studio/7.0/toolchain/arm/arm-gnu-toolchain/bin/../lib/gcc/arm-none-eabi/6.3.1/../../../../arm-none-eabi/lib/thumb/v6-m\libc.a(lib_a-init.o)
 .debug_frame   0x00000f58       0x30 c:/program files (x86)/atmel/studio/7.0/toolchain/arm/arm-gnu-toolchain/bin/../lib/gcc/arm-none-eabi/6.3.1/../../../../arm-none-eabi/lib/thumb/v6-m\libc.a(lib_a-memcpy-stub.o)
 .debug_frame   0x00000f88       0x30 c:/program files (x86)/atmel/studio/7.0/toolchain/arm/arm-gnu-toolchain/bin/../lib/gcc/arm-none-eabi/6.3.1/../../../../arm-none-eabi/lib/thumb/v6-m\libc.a(lib_a-memset.o)
 .debug_frame   0x00000fb8       0x28 c:/program files (x86)/atmel/studio/7.0/toolchain/arm/arm-gnu-toolchain/bin/../lib/gcc/arm-none-eabi/6.3.1/../../../../arm-none-eabi/lib/thumb/v6-m\libc.a(lib_a-strlen-stub.o)
 .debug_frame   0x00000fe0       0x44 c:/program files (x86)/atmel/studio/7.0/toolchain/arm/arm-gnu-toolchain/bin/../lib/gcc/arm-none-eabi/6.3.1/../../../../arm-none-eabi/lib/thumb/v6-m\libc.a(lib_a-vsprintf.o)
 .debug_frame   0x00001024       0x54 c:/program files (x86)/atmel/studio/7.0/toolchain/arm/arm-gnu-toolchain/bin/../lib/gcc/arm-none-eabi/6.3.1/../../../../arm-none-eabi/lib/thumb/v6-m\libc.a(lib_a-__call_atexit.o)
 .debug_frame   0x00001078       0x28 c:/program files (x86)/atmel/studio/7.0/toolchain/arm/arm-gnu-toolchain/bin/../lib/gcc/arm-none-eabi/6.3.1/../../../../arm-none-eabi/lib/thumb/v6-m\libc.a(lib_a-atexit.o)
 .debug_frame   0x000010a0       0x2c c:/program files (x86)/atmel/studio/7.0/toolchain/arm/arm-gnu-toolchain/bin/../lib/gcc/arm-none-eabi/6.3.1/../../../../arm-none-eabi/lib/thumb/v6-m\libc.a(lib_a-fini.o)
 .debug_frame   0x000010cc       0xb0 c:/program files (x86)/atmel/studio/7.0/toolchain/arm/arm-gnu-toolchain/bin/../lib/gcc/arm-none-eabi/6.3.1/../../../../arm-none-eabi/lib/thumb/v6-m\libc.a(lib_a-lock.o)
 .debug_frame   0x0000117c       0x3c c:/program files (x86)/atmel/studio/7.0/toolchain/arm/arm-gnu-toolchain/bin/../lib/gcc/arm-none-eabi/6.3.1/../../../../arm-none-eabi/lib/thumb/v6-m\libc.a(lib_a-svfprintf.o)
 .debug_frame   0x000011b8       0x3c c:/program files (x86)/atmel/studio/7.0/toolchain/arm/arm-gnu-toolchain/bin/../lib/gcc/arm-none-eabi/6.3.1/../../../../arm-none-eabi/lib/thumb/v6-m\libc.a(lib_a-__atexit.o)